Archive member included to satisfy reference by file (symbol)

C:/Program Files/SEGGER/SEGGER Embedded Studio for ARM 5.68/lib/libc_v7em_fpv4_sp_d16_hard_t_le_eabi.a(libc_asm.o)
                              Output/Release/Obj/ble_app_beacon_pca10040_s132/bsp.o (__aeabi_uldivmod)
C:/Program Files/SEGGER/SEGGER Embedded Studio for ARM 5.68/lib/libc_v7em_fpv4_sp_d16_hard_t_le_eabi.a(libc2.o)
                              Output/Release/Obj/ble_app_beacon_pca10040_s132/nrf_log_str_formatter.o (isprint)
C:/Program Files/SEGGER/SEGGER Embedded Studio for ARM 5.68/lib/libc_v7em_fpv4_sp_d16_hard_t_le_eabi.a(libc2_asm.o)
                              Output/Release/Obj/ble_app_beacon_pca10040_s132/nrf_log_frontend.o (memcpy)
C:/Program Files/SEGGER/SEGGER Embedded Studio for ARM 5.68/lib/libc_v7em_fpv4_sp_d16_hard_t_le_eabi.a(libvfprintf.o)
                              (__vfprintf_long)
C:/Program Files/SEGGER/SEGGER Embedded Studio for ARM 5.68/lib/libc_v7em_fpv4_sp_d16_hard_t_le_eabi.a(libvfscanf.o)
                              (__vfscanf_long)
C:/Program Files/SEGGER/SEGGER Embedded Studio for ARM 5.68/lib/libc_v7em_fpv4_sp_d16_hard_t_le_eabi.a(libc.o)
                              C:/Program Files/SEGGER/SEGGER Embedded Studio for ARM 5.68/lib/libc_v7em_fpv4_sp_d16_hard_t_le_eabi.a(libc2.o) (__heap_lock)
C:/Program Files/SEGGER/SEGGER Embedded Studio for ARM 5.68/lib/libdebugio_v7em_fpv4_sp_d16_hard_t_le_eabi.a(libdebugio.o)
                              Output/Release/Obj/ble_app_beacon_pca10040_s132/thumb_crt0.o (debug_fopen)
C:/Program Files/SEGGER/SEGGER Embedded Studio for ARM 5.68/lib/libdebugio_v7em_fpv4_sp_d16_hard_t_le_eabi.a(do_nv_debug_operation.o)
                              C:/Program Files/SEGGER/SEGGER Embedded Studio for ARM 5.68/lib/libdebugio_v7em_fpv4_sp_d16_hard_t_le_eabi.a(libdebugio.o) (__do_nvdebug_operation)
C:/Program Files/SEGGER/SEGGER Embedded Studio for ARM 5.68/lib/libdebugio_v7em_fpv4_sp_d16_hard_t_le_eabi.a(mempoll_debug_operations.o)
                              (__do_debug_operation_mempoll)
C:/Program Files/SEGGER/SEGGER Embedded Studio for ARM 5.68/lib/libm_v7em_fpv4_sp_d16_hard_t_le_eabi.a(libm_asm.o)
                              C:/Program Files/SEGGER/SEGGER Embedded Studio for ARM 5.68/lib/libc_v7em_fpv4_sp_d16_hard_t_le_eabi.a(libc2.o) (__aeabi_dadd)
C:/Program Files/SEGGER/SEGGER Embedded Studio for ARM 5.68/lib/libm_v7em_fpv4_sp_d16_hard_t_le_eabi.a(libm2.o)
                              C:/Program Files/SEGGER/SEGGER Embedded Studio for ARM 5.68/lib/libc_v7em_fpv4_sp_d16_hard_t_le_eabi.a(libvfprintf.o) (frexp)

Discarded input sections

 .text          0x0000000000000000        0x0 Output/Release/Obj/ble_app_beacon_pca10040_s132/thumb_crt0.o
 .data          0x0000000000000000        0x0 Output/Release/Obj/ble_app_beacon_pca10040_s132/thumb_crt0.o
 .bss           0x0000000000000000        0x0 Output/Release/Obj/ble_app_beacon_pca10040_s132/thumb_crt0.o
 .text.__aeabi_read_tp
                0x0000000000000000        0x8 Output/Release/Obj/ble_app_beacon_pca10040_s132/thumb_crt0.o
 .text.abort    0x0000000000000000        0x2 Output/Release/Obj/ble_app_beacon_pca10040_s132/thumb_crt0.o
 .text.__assert
                0x0000000000000000        0x2 Output/Release/Obj/ble_app_beacon_pca10040_s132/thumb_crt0.o
 .text.__assert_func
                0x0000000000000000        0x2 Output/Release/Obj/ble_app_beacon_pca10040_s132/thumb_crt0.o
 .text.__aeabi_assert
                0x0000000000000000        0x2 Output/Release/Obj/ble_app_beacon_pca10040_s132/thumb_crt0.o
 .text.__sync_synchronize
                0x0000000000000000        0x2 Output/Release/Obj/ble_app_beacon_pca10040_s132/thumb_crt0.o
 .text.__getchar
                0x0000000000000000        0x4 Output/Release/Obj/ble_app_beacon_pca10040_s132/thumb_crt0.o
 .text.__putchar
                0x0000000000000000        0x4 Output/Release/Obj/ble_app_beacon_pca10040_s132/thumb_crt0.o
 .text.__open   0x0000000000000000        0x4 Output/Release/Obj/ble_app_beacon_pca10040_s132/thumb_crt0.o
 .text.__close  0x0000000000000000        0x4 Output/Release/Obj/ble_app_beacon_pca10040_s132/thumb_crt0.o
 .text.__write  0x0000000000000000        0xa Output/Release/Obj/ble_app_beacon_pca10040_s132/thumb_crt0.o
 .text.__read   0x0000000000000000        0xa Output/Release/Obj/ble_app_beacon_pca10040_s132/thumb_crt0.o
 .text.__seek   0x0000000000000000       0x1a Output/Release/Obj/ble_app_beacon_pca10040_s132/thumb_crt0.o
 .text.remove   0x0000000000000000        0x4 Output/Release/Obj/ble_app_beacon_pca10040_s132/thumb_crt0.o
 .text.rename   0x0000000000000000        0x4 Output/Release/Obj/ble_app_beacon_pca10040_s132/thumb_crt0.o
 .bss.__user_locale_name_buffer
                0x0000000000000000        0x4 Output/Release/Obj/ble_app_beacon_pca10040_s132/thumb_crt0.o
 .stack         0x0000000000000000        0x0 Output/Release/Obj/ble_app_beacon_pca10040_s132/thumb_crt0.o
 .stack_process
[...]
Memory Configuration

Name             Origin             Length             Attributes
UNPLACED_SECTIONS 0x0000000100000000 0x0000000000000000 xw
RAM              0x0000000020000000 0x0000000000010000 xw
FLASH            0x0000000000000000 0x0000000000080000 xw
*default*        0x0000000000000000 0xffffffffffffffff

Linker script and memory map

                0x0000000000000000                __do_debug_operation = __do_debug_operation_mempoll
                0x0000000000000000                __vfprintf = __vfprintf_long
                0x0000000000000000                __vfscanf = __vfscanf_long
                0x0000000020000000                __RAM_segment_start__ = 0x20000000
                0x0000000020010000                __RAM_segment_end__ = 0x20010000
                0x0000000000010000                __RAM_segment_size__ = 0x10000
                0x0000000000000000                __FLASH_segment_start__ = 0x0
                0x0000000000080000                __FLASH_segment_end__ = 0x80000
                0x0000000000080000                __FLASH_segment_size__ = 0x80000
                0x0000000000002000                __HEAPSIZE__ = 0x2000
                0x0000000000000000                __STACKSIZE_PROCESS__ = 0x0
                0x0000000000002000                __STACKSIZE__ = 0x2000
                0x0000000020000000                __reserved_ram_load_start__ = 0x20000000

.reserved_ram   0x0000000020000000     0x18a8
                0x0000000020000000                __reserved_ram_start__ = .
 *(.reserved_ram .reserved_ram.*)
                0x00000000200018a8                . = MAX (((__reserved_ram_start__ + 0x200018a8) - 0x20000000), .)
 *fill*         0x0000000020000000     0x18a8 
                0x00000000200018a8                __reserved_ram_end__ = (__reserved_ram_start__ + SIZEOF (.reserved_ram))
                0x00000000000018a8                __reserved_ram_size__ = SIZEOF (.reserved_ram)
                0x00000000200018a8                __reserved_ram_load_end__ = __reserved_ram_end__
                0x0000000000000001                . = ASSERT (((__reserved_ram_start__ == __reserved_ram_end__) || ((__reserved_ram_end__ - __RAM_segment_start__) <= __RAM_segment_size__)), error: .reserved_ram is too large to fit in RAM memory segment)
                0x00000000200018a8                __vectors_ram_load_start__ = 0x200018a8

.vectors_ram    0x00000000200018a8        0x0
                0x00000000200018a8                __vectors_ram_start__ = .
                0x00000000200018a8                __app_ram_start__ = __vectors_ram_start__
 *(.vectors_ram .vectors_ram.*)
                0x00000000200018a8                __vectors_ram_end__ = (__vectors_ram_start__ + SIZEOF (.vectors_ram))
                0x0000000000000000                __vectors_ram_size__ = SIZEOF (.vectors_ram)
                0x00000000200018a8                __vectors_ram_load_end__ = __vectors_ram_end__
                0x0000000000000001                . = ASSERT (((__vectors_ram_start__ == __vectors_ram_end__) || ((__vectors_ram_end__ - __RAM_segment_start__) <= __RAM_segment_size__)), error: .vectors_ram is too large to fit in RAM memory segment)
                0x0000000000000001                . = ASSERT ((__reserved_ram_end__ <= __vectors_ram_start__), error: section .reserved_ram overlaps absolute placed section .vectors_ram)
                0x00000000200018a8                __nrf_sections_run_load_start__ = ALIGN (__vectors_ram_end__, 0x4)

.nrf_sections_run
                0x00000000200018a8        0x0
                0x00000000200018a8                __nrf_sections_run_start__ = .
                0x00000000200018a8                __start_nrf_sections_run = __nrf_sections_run_start__
 *(.nrf_sections_run .nrf_sections_run.*)
                0x00000000200018a8                __nrf_sections_run_end__ = (__nrf_sections_run_start__ + SIZEOF (.nrf_sections_run))
                0x0000000000000000                __nrf_sections_run_size__ = SIZEOF (.nrf_sections_run)
                0x00000000200018a8                __nrf_sections_run_load_end__ = __nrf_sections_run_end__
                0x0000000000000001                . = ASSERT (((__nrf_sections_run_start__ == __nrf_sections_run_end__) || ((__nrf_sections_run_end__ - __RAM_segment_start__) <= __RAM_segment_size__)), error: .nrf_sections_run is too large to fit in RAM memory segment)
                0x0000000000000000                __reserved_flash_load_start__ = 0x0

.reserved_flash
                0x0000000000000000    0x26000
                0x0000000000000000                __reserved_flash_start__ = .
 *(.reserved_flash .reserved_flash.*)
                0x0000000000026000                . = MAX (((__reserved_flash_start__ + 0x26000) - 0x0), .)
 *fill*         0x0000000000000000    0x26000 
                0x0000000000026000                __reserved_flash_end__ = (__reserved_flash_start__ + SIZEOF (.reserved_flash))
                0x0000000000026000                __reserved_flash_size__ = SIZEOF (.reserved_flash)
                0x0000000000026000                __reserved_flash_load_end__ = __reserved_flash_end__
                0x0000000000000001                . = ASSERT (((__reserved_flash_start__ == __reserved_flash_end__) || ((__reserved_flash_end__ - __FLASH_segment_start__) <= __FLASH_segment_size__)), error: .reserved_flash is too large to fit in FLASH memory segment)
                0x0000000000026000                __vectors_load_start__ = 0x26000

.vectors        0x0000000000026000      0x200
                0x0000000000026000                __vectors_start__ = .
 *(.vectors .vectors.*)
 .vectors       0x0000000000026000      0x200 Output/Release/Obj/ble_app_beacon_pca10040_s132/ses_startup_nrf52.o
                0x0000000000026000                _vectors
                0x0000000000026200                __vectors_end__ = (__vectors_start__ + SIZEOF (.vectors))
                0x0000000000000200                __vectors_size__ = SIZEOF (.vectors)
                0x0000000000026200                __vectors_load_end__ = __vectors_end__
                0x0000000000000001                . = ASSERT (((__vectors_start__ == __vectors_end__) || ((__vectors_end__ - __FLASH_segment_start__) <= __FLASH_segment_size__)), error: .vectors is too large to fit in FLASH memory segment)
                0x0000000000000001                . = ASSERT ((__reserved_flash_end__ <= __vectors_start__), error: section .reserved_flash overlaps absolute placed section .vectors)
                0x0000000000026200                __init_load_start__ = ALIGN (__vectors_end__, 0x4)

.init           0x0000000000026200      0x1d4
                0x0000000000026200                __init_start__ = .
 *(.init .init.*)
 .init          0x0000000000026200      0x15c Output/Release/Obj/ble_app_beacon_pca10040_s132/thumb_crt0.o
                0x0000000000026200                _start
                0x00000000000262b4                exit
 .init          0x000000000002635c       0x18 Output/Release/Obj/ble_app_beacon_pca10040_s132/ses_startup_nrf52.o
                0x000000000002635c                NMI_Handler
                0x000000000002635e                HardFault_Handler
                0x0000000000026360                MemoryManagement_Handler
                0x0000000000026362                BusFault_Handler
                0x0000000000026364                UsageFault_Handler
                0x0000000000026366                SVC_Handler
                0x0000000000026368                DebugMon_Handler
                0x000000000002636a                PendSV_Handler
                0x000000000002636c                SysTick_Handler
                0x000000000002636e                RADIO_IRQHandler
                0x000000000002636e                PDM_IRQHandler
                0x000000000002636e                TEMP_IRQHandler
                0x000000000002636e                QDEC_IRQHandler
                0x000000000002636e                TIMER3_IRQHandler
                0x000000000002636e                FPU_IRQHandler
                0x000000000002636e                RTC0_IRQHandler
                0x000000000002636e                PWM1_IRQHandler
                0x000000000002636e                TIMER4_IRQHandler
                0x000000000002636e                I2S_IRQHandler
                0x000000000002636e                SWI4_EGU4_IRQHandler
                0x000000000002636e                TIMER0_IRQHandler
                0x000000000002636e                Dummy_Handler
                0x000000000002636e                TIMER1_IRQHandler
                0x000000000002636e                PWM2_IRQHandler
                0x000000000002636e                ECB_IRQHandler
                0x000000000002636e                SPIM1_SPIS1_TWIM1_TWIS1_SPI1_TWI1_IRQHandler
                0x000000000002636e                SAADC_IRQHandler
                0x000000000002636e                CCM_AAR_IRQHandler
                0x000000000002636e                WDT_IRQHandler
                0x000000000002636e                SPIM0_SPIS0_TWIM0_TWIS0_SPI0_TWI0_IRQHandler
                0x000000000002636e                SWI5_EGU5_IRQHandler
                0x000000000002636e                RNG_IRQHandler
                0x000000000002636e                RTC2_IRQHandler
                0x000000000002636e                PWM0_IRQHandler
                0x000000000002636e                SWI3_EGU3_IRQHandler
                0x000000000002636e                SWI1_EGU1_IRQHandler
                0x000000000002636e                SPIM2_SPIS2_SPI2_IRQHandler
                0x000000000002636e                NFCT_IRQHandler
                0x000000000002636e                TIMER2_IRQHandler
                0x000000000002636e                MWU_IRQHandler
                0x000000000002636e                COMP_LPCOMP_IRQHandler
                0x0000000000026370                nRFInitialize
 .init          0x0000000000026374       0x60 Output/Release/Obj/ble_app_beacon_pca10040_s132/ses_startup_nrf_common.o
                0x0000000000026374                Reset_Handler
                0x000000000002639c                InitializeUserMemorySections
                0x00000000000263d4                __init_end__ = (__init_start__ + SIZEOF (.init))
                0x00000000000001d4                __init_size__ = SIZEOF (.init)
                0x00000000000263d4                __init_load_end__ = __init_end__
                0x0000000000000001                . = ASSERT (((__init_start__ == __init_end__) || ((__init_end__ - __FLASH_segment_start__) <= __FLASH_segment_size__)), error: .init is too large to fit in FLASH memory segment)
                0x00000000000263d4                __init_rodata_load_start__ = ALIGN (__init_end__, 0x4)

.init_rodata    0x00000000000263d4        0x0
                0x00000000000263d4                __init_rodata_start__ = .
 *(.init_rodata .init_rodata.*)
                0x00000000000263d4                __init_rodata_end__ = (__init_rodata_start__ + SIZEOF (.init_rodata))
                0x0000000000000000                __init_rodata_size__ = SIZEOF (.init_rodata)
                0x00000000000263d4                __init_rodata_load_end__ = __init_rodata_end__
                0x0000000000000001                . = ASSERT (((__init_rodata_start__ == __init_rodata_end__) || ((__init_rodata_end__ - __FLASH_segment_start__) <= __FLASH_segment_size__)), error: .init_rodata is too large to fit in FLASH memory segment)
                0x00000000000263d4                __text_load_start__ = ALIGN (__init_rodata_end__, 0x4)

.text           0x00000000000263d4     0x3cb8
                0x00000000000263d4                __text_start__ = .
 *(.text .text.* .glue_7t .glue_7 .gnu.linkonce.t.* .gcc_except_table .ARM.extab* .gnu.linkonce.armextab.*)
 .glue_7        0x00000000000263d4        0x0 linker stubs
 .glue_7t       0x00000000000263d4        0x0 linker stubs
 .text.nrf_log_backend_serial_put
                0x00000000000263d4       0xc2 Output/Release/Obj/ble_app_beacon_pca10040_s132/nrf_log_backend_serial.o
                0x00000000000263d4                nrf_log_backend_serial_put
 *fill*         0x0000000000026496        0x2 
 .text.uart_evt_handler
                0x0000000000026498        0xc Output/Release/Obj/ble_app_beacon_pca10040_s132/nrf_log_backend_uart.o
 .text.nrf_log_backend_uart_flush
                0x00000000000264a4        0x2 Output/Release/Obj/ble_app_beacon_pca10040_s132/nrf_log_backend_uart.o
 *fill*         0x00000000000264a6        0x2 
 .text.uart_init
                0x00000000000264a8       0x4c Output/Release/Obj/ble_app_beacon_pca10040_s132/nrf_log_backend_uart.o
 .text.nrf_log_backend_uart_put
                0x00000000000264f4       0x1c Output/Release/Obj/ble_app_beacon_pca10040_s132/nrf_log_backend_uart.o
 .text.serial_tx
                0x0000000000026510       0x48 Output/Release/Obj/ble_app_beacon_pca10040_s132/nrf_log_backend_uart.o
 .text.nrf_log_backend_uart_panic_set
                0x0000000000026558       0x2c Output/Release/Obj/ble_app_beacon_pca10040_s132/nrf_log_backend_uart.o
 .text.nrf_log_backend_uart_init
                0x0000000000026584        0x6 Output/Release/Obj/ble_app_beacon_pca10040_s132/nrf_log_backend_uart.o
                0x0000000000026584                nrf_log_backend_uart_init
 *fill*         0x000000000002658a        0x2 
 .text.nrf_log_default_backends_init
                0x000000000002658c       0x20 Output/Release/Obj/ble_app_beacon_pca10040_s132/nrf_log_default_backends.o
                0x000000000002658c                nrf_log_default_backends_init
 .text.invalid_packets_omit
                0x00000000000265ac       0x3a Output/Release/Obj/ble_app_beacon_pca10040_s132/nrf_log_frontend.o
 *fill*         0x00000000000265e6        0x2 
 .text.buf_prealloc
                0x00000000000265e8      0x13c Output/Release/Obj/ble_app_beacon_pca10040_s132/nrf_log_frontend.o
 .text.nrf_log_init
                0x0000000000026724       0x3c Output/Release/Obj/ble_app_beacon_pca10040_s132/nrf_log_frontend.o
                0x0000000000026724                nrf_log_init
 .text.nrf_log_module_name_get
                0x0000000000026760       0x38 Output/Release/Obj/ble_app_beacon_pca10040_s132/nrf_log_frontend.o
                0x0000000000026760                nrf_log_module_name_get
 .text.nrf_log_color_id_get
                0x0000000000026798       0x2c Output/Release/Obj/ble_app_beacon_pca10040_s132/nrf_log_frontend.o
                0x0000000000026798                nrf_log_color_id_get
 .text.buffer_is_empty
                0x00000000000267c4       0x14 Output/Release/Obj/ble_app_beacon_pca10040_s132/nrf_log_frontend.o
                0x00000000000267c4                buffer_is_empty
 .text.nrf_log_frontend_dequeue
                0x00000000000267d8      0x22c Output/Release/Obj/ble_app_beacon_pca10040_s132/nrf_log_frontend.o
                0x00000000000267d8                nrf_log_frontend_dequeue
 .text.std_n    0x0000000000026a04       0x98 Output/Release/Obj/ble_app_beacon_pca10040_s132/nrf_log_frontend.o
 .text.nrf_log_frontend_std_0
                0x0000000000026a9c        0x8 Output/Release/Obj/ble_app_beacon_pca10040_s132/nrf_log_frontend.o
                0x0000000000026a9c                nrf_log_frontend_std_0
 .text.nrf_log_frontend_std_1
                0x0000000000026aa4       0x12 Output/Release/Obj/ble_app_beacon_pca10040_s132/nrf_log_frontend.o
                0x0000000000026aa4                nrf_log_frontend_std_1
 .text.nrf_log_frontend_std_2
                0x0000000000026ab6       0x14 Output/Release/Obj/ble_app_beacon_pca10040_s132/nrf_log_frontend.o
                0x0000000000026ab6                nrf_log_frontend_std_2
 *fill*         0x0000000000026aca        0x2 
 .text.nrf_log_backend_add
                0x0000000000026acc       0x44 Output/Release/Obj/ble_app_beacon_pca10040_s132/nrf_log_frontend.o
                0x0000000000026acc                nrf_log_backend_add
 .text.nrf_log_panic
                0x0000000000026b10       0x28 Output/Release/Obj/ble_app_beacon_pca10040_s132/nrf_log_frontend.o
                0x0000000000026b10                nrf_log_panic
 .text.prefix_process
                0x0000000000026b38       0x7c Output/Release/Obj/ble_app_beacon_pca10040_s132/nrf_log_str_formatter.o
 .text.postfix_process
                0x0000000000026bb4       0x44 Output/Release/Obj/ble_app_beacon_pca10040_s132/nrf_log_str_formatter.o
 .text.nrf_log_std_entry_process
                0x0000000000026bf8       0xc8 Output/Release/Obj/ble_app_beacon_pca10040_s132/nrf_log_str_formatter.o
                0x0000000000026bf8                nrf_log_std_entry_process
 .text.nrf_log_hexdump_entry_process
                0x0000000000026cc0       0xc0 Output/Release/Obj/ble_app_beacon_pca10040_s132/nrf_log_str_formatter.o
                0x0000000000026cc0                nrf_log_hexdump_entry_process
 .text.detection_delay_timeout_handler
                0x0000000000026d80       0xd4 Output/Release/Obj/ble_app_beacon_pca10040_s132/app_button.o
 .text.gpiote_event_handler
                0x0000000000026e54       0x90 Output/Release/Obj/ble_app_beacon_pca10040_s132/app_button.o
 .text.app_button_init
                0x0000000000026ee4       0xac Output/Release/Obj/ble_app_beacon_pca10040_s132/app_button.o
                0x0000000000026ee4                app_button_init
 .text.app_button_enable
                0x0000000000026f90       0x2c Output/Release/Obj/ble_app_beacon_pca10040_s132/app_button.o
                0x0000000000026f90                app_button_enable
 .text.app_error_handler_bare
                0x0000000000026fbc       0x1a Output/Release/Obj/ble_app_beacon_pca10040_s132/app_error.o
                0x0000000000026fbc                app_error_handler_bare
 *fill*         0x0000000000026fd6        0x2 
 .text.app_error_fault_handler
                0x0000000000026fd8       0x6c Output/Release/Obj/ble_app_beacon_pca10040_s132/app_error_weak.o
                0x0000000000026fd8                app_error_fault_handler
 .text.user_op_alloc
                0x0000000000027044       0x2c Output/Release/Obj/ble_app_beacon_pca10040_s132/app_timer.o
 .text.timer_stop_op_schedule
                0x0000000000027070       0x50 Output/Release/Obj/ble_app_beacon_pca10040_s132/app_timer.o
 .text.nrfx_coredep_delay_us.part.0.constprop.0
                0x00000000000270c0       0x10 Output/Release/Obj/ble_app_beacon_pca10040_s132/app_timer.o
 .text.rtc1_stop
                0x00000000000270d0       0x44 Output/Release/Obj/ble_app_beacon_pca10040_s132/app_timer.o
 .text.RTC1_IRQHandler
                0x0000000000027114       0x9c Output/Release/Obj/ble_app_beacon_pca10040_s132/app_timer.o
                0x0000000000027114                RTC1_IRQHandler
 .text.SWI0_EGU0_IRQHandler
                0x00000000000271b0      0x2b8 Output/Release/Obj/ble_app_beacon_pca10040_s132/app_timer.o
                0x00000000000271b0                SWI0_EGU0_IRQHandler
 .text.app_timer_init
                0x0000000000027468       0x60 Output/Release/Obj/ble_app_beacon_pca10040_s132/app_timer.o
                0x0000000000027468                app_timer_init
 .text.app_timer_create
                0x00000000000274c8       0x24 Output/Release/Obj/ble_app_beacon_pca10040_s132/app_timer.o
                0x00000000000274c8                app_timer_create
 .text.app_timer_start
                0x00000000000274ec       0x90 Output/Release/Obj/ble_app_beacon_pca10040_s132/app_timer.o
                0x00000000000274ec                app_timer_start
 .text.app_timer_stop
                0x000000000002757c       0x20 Output/Release/Obj/ble_app_beacon_pca10040_s132/app_timer.o
                0x000000000002757c                app_timer_stop
 .text.app_util_critical_region_enter
                0x000000000002759c       0x48 Output/Release/Obj/ble_app_beacon_pca10040_s132/app_util_platform.o
                0x000000000002759c                app_util_critical_region_enter
 .text.app_util_critical_region_exit
                0x00000000000275e4       0x2c Output/Release/Obj/ble_app_beacon_pca10040_s132/app_util_platform.o
                0x00000000000275e4                app_util_critical_region_exit
 .text.nrf_atomic_u32_fetch_store
                0x0000000000027610       0x16 Output/Release/Obj/ble_app_beacon_pca10040_s132/nrf_atomic.o
                0x0000000000027610                nrf_atomic_u32_fetch_store
 .text.nrf_atomic_u32_or
                0x0000000000027626       0x18 Output/Release/Obj/ble_app_beacon_pca10040_s132/nrf_atomic.o
                0x0000000000027626                nrf_atomic_u32_or
 .text.nrf_atomic_u32_fetch_and
                0x000000000002763e       0x18 Output/Release/Obj/ble_app_beacon_pca10040_s132/nrf_atomic.o
                0x000000000002763e                nrf_atomic_u32_fetch_and
 .text.nrf_atomic_u32_add
                0x0000000000027656       0x18 Output/Release/Obj/ble_app_beacon_pca10040_s132/nrf_atomic.o
                0x0000000000027656                nrf_atomic_u32_add
 .text.nrf_atomic_u32_sub
                0x000000000002766e       0x18 Output/Release/Obj/ble_app_beacon_pca10040_s132/nrf_atomic.o
                0x000000000002766e                nrf_atomic_u32_sub
 .text.nrf_atomic_flag_set
                0x0000000000027686        0x6 Output/Release/Obj/ble_app_beacon_pca10040_s132/nrf_atomic.o
                0x0000000000027686                nrf_atomic_flag_set
 .text.nrf_atomic_flag_clear_fetch
                0x000000000002768c        0x6 Output/Release/Obj/ble_app_beacon_pca10040_s132/nrf_atomic.o
                0x000000000002768c                nrf_atomic_flag_clear_fetch
 .text.nrf_balloc_init
                0x0000000000027692       0x2e Output/Release/Obj/ble_app_beacon_pca10040_s132/nrf_balloc.o
                0x0000000000027692                nrf_balloc_init
 .text.nrf_balloc_alloc
                0x00000000000276c0       0x48 Output/Release/Obj/ble_app_beacon_pca10040_s132/nrf_balloc.o
                0x00000000000276c0                nrf_balloc_alloc
 .text.nrf_balloc_free
                0x0000000000027708       0x34 Output/Release/Obj/ble_app_beacon_pca10040_s132/nrf_balloc.o
                0x0000000000027708                nrf_balloc_free
 .text.nrf_fprintf_buffer_flush
                0x000000000002773c       0x16 Output/Release/Obj/ble_app_beacon_pca10040_s132/nrf_fprintf.o
                0x000000000002773c                nrf_fprintf_buffer_flush
 .text.nrf_fprintf
                0x0000000000027752       0x1c Output/Release/Obj/ble_app_beacon_pca10040_s132/nrf_fprintf.o
                0x0000000000027752                nrf_fprintf
 .text.buffer_add
                0x000000000002776e       0x2e Output/Release/Obj/ble_app_beacon_pca10040_s132/nrf_fprintf_format.o
 .text.unsigned_print
                0x000000000002779c       0xb4 Output/Release/Obj/ble_app_beacon_pca10040_s132/nrf_fprintf_format.o
 .text.nrf_fprintf_fmt
                0x0000000000027850      0x294 Output/Release/Obj/ble_app_beacon_pca10040_s132/nrf_fprintf_format.o
                0x0000000000027850                nrf_fprintf_fmt
 .text.memobj_op
                0x0000000000027ae4       0x86 Output/Release/Obj/ble_app_beacon_pca10040_s132/nrf_memobj.o
 .text.nrf_memobj_pool_init
                0x0000000000027b6a        0x4 Output/Release/Obj/ble_app_beacon_pca10040_s132/nrf_memobj.o
                0x0000000000027b6a                nrf_memobj_pool_init
 .text.nrf_memobj_free
                0x0000000000027b6e       0x2c Output/Release/Obj/ble_app_beacon_pca10040_s132/nrf_memobj.o
                0x0000000000027b6e                nrf_memobj_free
 .text.nrf_memobj_alloc
                0x0000000000027b9a       0x5e Output/Release/Obj/ble_app_beacon_pca10040_s132/nrf_memobj.o
                0x0000000000027b9a                nrf_memobj_alloc
 .text.nrf_memobj_get
                0x0000000000027bf8        0x8 Output/Release/Obj/ble_app_beacon_pca10040_s132/nrf_memobj.o
                0x0000000000027bf8                nrf_memobj_get
 .text.nrf_memobj_put
                0x0000000000027c00       0x1c Output/Release/Obj/ble_app_beacon_pca10040_s132/nrf_memobj.o
                0x0000000000027c00                nrf_memobj_put
 .text.nrf_memobj_write
                0x0000000000027c1c       0x14 Output/Release/Obj/ble_app_beacon_pca10040_s132/nrf_memobj.o
                0x0000000000027c1c                nrf_memobj_write
 .text.nrf_memobj_read
                0x0000000000027c30       0x14 Output/Release/Obj/ble_app_beacon_pca10040_s132/nrf_memobj.o
                0x0000000000027c30                nrf_memobj_read
 .text.sd_app_evt_wait
                0x0000000000027c44        0x4 Output/Release/Obj/ble_app_beacon_pca10040_s132/nrf_pwr_mgmt.o
 .text.nrf_pwr_mgmt_init
                0x0000000000027c48       0x2c Output/Release/Obj/ble_app_beacon_pca10040_s132/nrf_pwr_mgmt.o
                0x0000000000027c48                nrf_pwr_mgmt_init
 .text.nrf_pwr_mgmt_run
                0x0000000000027c74       0x50 Output/Release/Obj/ble_app_beacon_pca10040_s132/nrf_pwr_mgmt.o
                0x0000000000027c74                nrf_pwr_mgmt_run
 .text.nrf_ringbuf_init
                0x0000000000027cc4       0x12 Output/Release/Obj/ble_app_beacon_pca10040_s132/nrf_ringbuf.o
                0x0000000000027cc4                nrf_ringbuf_init
 .text.nrf_section_iter_init
                0x0000000000027cd6       0x14 Output/Release/Obj/ble_app_beacon_pca10040_s132/nrf_section_iter.o
                0x0000000000027cd6                nrf_section_iter_init
 .text.nrf_section_iter_next
                0x0000000000027cea       0x18 Output/Release/Obj/ble_app_beacon_pca10040_s132/nrf_section_iter.o
                0x0000000000027cea                nrf_section_iter_next
 *fill*         0x0000000000027d02        0x2 
 .text.nrf_strerror_find
                0x0000000000027d04       0x3c Output/Release/Obj/ble_app_beacon_pca10040_s132/nrf_strerror.o
                0x0000000000027d04                nrf_strerror_find
 .text.nrf_strerror_get
                0x0000000000027d40       0x14 Output/Release/Obj/ble_app_beacon_pca10040_s132/nrf_strerror.o
                0x0000000000027d40                nrf_strerror_get
 .text.errata_12
                0x0000000000027d54       0x36 Output/Release/Obj/ble_app_beacon_pca10040_s132/system_nrf52.o
 .text.errata_16
                0x0000000000027d8a       0x2a Output/Release/Obj/ble_app_beacon_pca10040_s132/system_nrf52.o
 .text.SystemInit
                0x0000000000027db4      0x25c Output/Release/Obj/ble_app_beacon_pca10040_s132/system_nrf52.o
                0x0000000000027db4                SystemInit
 .text.bsp_board_led_state_get
                0x0000000000028010       0x1c Output/Release/Obj/ble_app_beacon_pca10040_s132/boards.o
                0x0000000000028010                bsp_board_led_state_get
 .text.bsp_board_led_on
                0x000000000002802c       0x18 Output/Release/Obj/ble_app_beacon_pca10040_s132/boards.o
                0x000000000002802c                bsp_board_led_on
 .text.bsp_board_led_off
                0x0000000000028044       0x18 Output/Release/Obj/ble_app_beacon_pca10040_s132/boards.o
                0x0000000000028044                bsp_board_led_off
 .text.bsp_board_leds_off
                0x000000000002805c       0x1e Output/Release/Obj/ble_app_beacon_pca10040_s132/boards.o
                0x000000000002805c                bsp_board_leds_off
 .text.bsp_board_leds_on
                0x000000000002807a       0x1e Output/Release/Obj/ble_app_beacon_pca10040_s132/boards.o
                0x000000000002807a                bsp_board_leds_on
 .text.bsp_board_led_invert
                0x0000000000028098       0x24 Output/Release/Obj/ble_app_beacon_pca10040_s132/boards.o
                0x0000000000028098                bsp_board_led_invert
 .text.bsp_board_pin_to_button_idx
                0x00000000000280bc       0x24 Output/Release/Obj/ble_app_beacon_pca10040_s132/boards.o
                0x00000000000280bc                bsp_board_pin_to_button_idx
 .text.bsp_board_init
                0x00000000000280e0       0x3e Output/Release/Obj/ble_app_beacon_pca10040_s132/boards.o
                0x00000000000280e0                bsp_board_init
 *fill*         0x000000000002811e        0x2 
 .text.clock_clk_started_notify
                0x0000000000028120       0x24 Output/Release/Obj/ble_app_beacon_pca10040_s132/nrf_drv_clock.o
 .text.clock_irq_handler
                0x0000000000028144       0x1c Output/Release/Obj/ble_app_beacon_pca10040_s132/nrf_drv_clock.o
 .text.soc_evt_handler
                0x0000000000028160       0x14 Output/Release/Obj/ble_app_beacon_pca10040_s132/nrf_drv_clock.o
 .text.nrf_drv_clock_init
                0x0000000000028174       0x38 Output/Release/Obj/ble_app_beacon_pca10040_s132/nrf_drv_clock.o
                0x0000000000028174                nrf_drv_clock_init
 .text.nrf_drv_clock_lfclk_release
                0x00000000000281ac       0x34 Output/Release/Obj/ble_app_beacon_pca10040_s132/nrf_drv_clock.o
                0x00000000000281ac                nrf_drv_clock_lfclk_release
 .text.sd_state_evt_handler
                0x00000000000281e0       0x5c Output/Release/Obj/ble_app_beacon_pca10040_s132/nrf_drv_clock.o
 .text.uarte_evt_handler
                0x000000000002823c       0x34 Output/Release/Obj/ble_app_beacon_pca10040_s132/nrf_drv_uart.o
 .text.uart_evt_handler
                0x0000000000028270       0x34 Output/Release/Obj/ble_app_beacon_pca10040_s132/nrf_drv_uart.o
 .text.nrf_drv_uart_init
                0x00000000000282a4       0x7c Output/Release/Obj/ble_app_beacon_pca10040_s132/nrf_drv_uart.o
                0x00000000000282a4                nrf_drv_uart_init
 .text.nrfx_clock_init
                0x0000000000028320       0x18 Output/Release/Obj/ble_app_beacon_pca10040_s132/nrfx_clock.o
                0x0000000000028320                nrfx_clock_init
 .text.nrfx_clock_enable
                0x0000000000028338       0x24 Output/Release/Obj/ble_app_beacon_pca10040_s132/nrfx_clock.o
                0x0000000000028338                nrfx_clock_enable
 .text.nrfx_clock_lfclk_stop
                0x000000000002835c       0x12 Output/Release/Obj/ble_app_beacon_pca10040_s132/nrfx_clock.o
                0x000000000002835c                nrfx_clock_lfclk_stop
 *fill*         0x000000000002836e        0x2 
 .text.POWER_CLOCK_IRQHandler
                0x0000000000028370       0x64 Output/Release/Obj/ble_app_beacon_pca10040_s132/nrfx_clock.o
                0x0000000000028370                POWER_CLOCK_IRQHandler
 .text.nrf_gpiote_event_clear
                0x00000000000283d4       0x18 Output/Release/Obj/ble_app_beacon_pca10040_s132/nrfx_gpiote.o
 .text.nrf_gpio_cfg_sense_set
                0x00000000000283ec       0x20 Output/Release/Obj/ble_app_beacon_pca10040_s132/nrfx_gpiote.o
 .text.nrf_bitmask_bit_set
                0x000000000002840c       0x14 Output/Release/Obj/ble_app_beacon_pca10040_s132/nrfx_gpiote.o
 .text.channel_free
                0x0000000000028420       0x1c Output/Release/Obj/ble_app_beacon_pca10040_s132/nrfx_gpiote.o
 .text.nrfx_gpiote_init
                0x000000000002843c       0x60 Output/Release/Obj/ble_app_beacon_pca10040_s132/nrfx_gpiote.o
                0x000000000002843c                nrfx_gpiote_init
 .text.nrfx_gpiote_is_init
                0x000000000002849c       0x14 Output/Release/Obj/ble_app_beacon_pca10040_s132/nrfx_gpiote.o
                0x000000000002849c                nrfx_gpiote_is_init
 .text.nrfx_gpiote_in_init
                0x00000000000284b0       0xf0 Output/Release/Obj/ble_app_beacon_pca10040_s132/nrfx_gpiote.o
                0x00000000000284b0                nrfx_gpiote_in_init
 .text.nrfx_gpiote_in_event_enable
                0x00000000000285a0       0x8c Output/Release/Obj/ble_app_beacon_pca10040_s132/nrfx_gpiote.o
                0x00000000000285a0                nrfx_gpiote_in_event_enable
 .text.nrfx_gpiote_in_is_set
                0x000000000002862c       0x12 Output/Release/Obj/ble_app_beacon_pca10040_s132/nrfx_gpiote.o
                0x000000000002862c                nrfx_gpiote_in_is_set
 *fill*         0x000000000002863e        0x2 
 .text.GPIOTE_IRQHandler
                0x0000000000028640      0x178 Output/Release/Obj/ble_app_beacon_pca10040_s132/nrfx_gpiote.o
                0x0000000000028640                GPIOTE_IRQHandler
 .text.UARTE0_UART0_IRQHandler
                0x00000000000287b8        0xc Output/Release/Obj/ble_app_beacon_pca10040_s132/nrfx_prs.o
                0x00000000000287b8                UARTE0_UART0_IRQHandler
 .text.nrfx_prs_acquire
                0x00000000000287c4       0x44 Output/Release/Obj/ble_app_beacon_pca10040_s132/nrfx_prs.o
                0x00000000000287c4                nrfx_prs_acquire
 .text.nrfx_prs_release
                0x0000000000028808       0x18 Output/Release/Obj/ble_app_beacon_pca10040_s132/nrfx_prs.o
                0x0000000000028808                nrfx_prs_release
 .text.nrf_uart_event_clear
                0x0000000000028820       0x10 Output/Release/Obj/ble_app_beacon_pca10040_s132/nrfx_uart.o
 .text.tx_byte  0x0000000000028830       0x1e Output/Release/Obj/ble_app_beacon_pca10040_s132/nrfx_uart.o
 .text.rx_byte  0x000000000002884e       0x2c Output/Release/Obj/ble_app_beacon_pca10040_s132/nrfx_uart.o
 *fill*         0x000000000002887a        0x2 
 .text.rx_done_event.constprop.0
                0x000000000002887c       0x20 Output/Release/Obj/ble_app_beacon_pca10040_s132/nrfx_uart.o
 .text.nrfx_uart_0_irq_handler
                0x000000000002889c      0x140 Output/Release/Obj/ble_app_beacon_pca10040_s132/nrfx_uart.o
                0x000000000002889c                nrfx_uart_0_irq_handler
 .text.nrfx_uart_init
                0x00000000000289dc      0x174 Output/Release/Obj/ble_app_beacon_pca10040_s132/nrfx_uart.o
                0x00000000000289dc                nrfx_uart_init
 .text.nrfx_uart_uninit
                0x0000000000028b50       0xc4 Output/Release/Obj/ble_app_beacon_pca10040_s132/nrfx_uart.o
                0x0000000000028b50                nrfx_uart_uninit
 .text.nrfx_uart_tx_in_progress
                0x0000000000028c14       0x18 Output/Release/Obj/ble_app_beacon_pca10040_s132/nrfx_uart.o
                0x0000000000028c14                nrfx_uart_tx_in_progress
 .text.nrfx_uart_tx
                0x0000000000028c2c       0x9c Output/Release/Obj/ble_app_beacon_pca10040_s132/nrfx_uart.o
                0x0000000000028c2c                nrfx_uart_tx
 .text.nrf_uarte_event_clear
                0x0000000000028cc8       0x10 Output/Release/Obj/ble_app_beacon_pca10040_s132/nrfx_uarte.o
 .text.rx_done_event.constprop.0
                0x0000000000028cd8       0x20 Output/Release/Obj/ble_app_beacon_pca10040_s132/nrfx_uarte.o
 .text.nrfx_uarte_0_irq_handler
                0x0000000000028cf8       0xe4 Output/Release/Obj/ble_app_beacon_pca10040_s132/nrfx_uarte.o
                0x0000000000028cf8                nrfx_uarte_0_irq_handler
 .text.nrfx_uarte_init
                0x0000000000028ddc      0x184 Output/Release/Obj/ble_app_beacon_pca10040_s132/nrfx_uarte.o
                0x0000000000028ddc                nrfx_uarte_init
 .text.nrfx_uarte_uninit
                0x0000000000028f60       0xc4 Output/Release/Obj/ble_app_beacon_pca10040_s132/nrfx_uarte.o
                0x0000000000028f60                nrfx_uarte_uninit
 .text.nrfx_uarte_tx_in_progress
                0x0000000000029024       0x18 Output/Release/Obj/ble_app_beacon_pca10040_s132/nrfx_uarte.o
                0x0000000000029024                nrfx_uarte_tx_in_progress
 .text.nrfx_uarte_tx
                0x000000000002903c       0x90 Output/Release/Obj/ble_app_beacon_pca10040_s132/nrfx_uarte.o
                0x000000000002903c                nrfx_uarte_tx
 .text.alert_timer_handler
                0x00000000000290cc        0x6 Output/Release/Obj/ble_app_beacon_pca10040_s132/bsp.o
 *fill*         0x00000000000290d2        0x2 
 .text.bsp_button_event_handler
                0x00000000000290d4       0x9c Output/Release/Obj/ble_app_beacon_pca10040_s132/bsp.o
 .text.button_timer_handler
                0x0000000000029170        0x8 Output/Release/Obj/ble_app_beacon_pca10040_s132/bsp.o
 .text.leds_off
                0x0000000000029178       0x2c Output/Release/Obj/ble_app_beacon_pca10040_s132/bsp.o
 .text.bsp_led_indication
                0x00000000000291a4      0x200 Output/Release/Obj/ble_app_beacon_pca10040_s132/bsp.o
 .text.leds_timer_handler
                0x00000000000293a4       0x1c Output/Release/Obj/ble_app_beacon_pca10040_s132/bsp.o
 .text.bsp_indication_set
                0x00000000000293c0       0x18 Output/Release/Obj/ble_app_beacon_pca10040_s132/bsp.o
                0x00000000000293c0                bsp_indication_set
 .text.bsp_init
                0x00000000000293d8       0x9c Output/Release/Obj/ble_app_beacon_pca10040_s132/bsp.o
                0x00000000000293d8                bsp_init
 .text.sd_ble_gap_adv_set_configure
                0x0000000000029474        0x4 Output/Release/Obj/ble_app_beacon_pca10040_s132/main.o
 .text.sd_ble_gap_adv_start
                0x0000000000029478        0x4 Output/Release/Obj/ble_app_beacon_pca10040_s132/main.o
 .text.sd_ble_gap_device_name_set
                0x000000000002947c        0x4 Output/Release/Obj/ble_app_beacon_pca10040_s132/main.o
 .text.startup.main
                0x0000000000029480      0x134 Output/Release/Obj/ble_app_beacon_pca10040_s132/main.o
                0x0000000000029480                main
 .text.sd_ble_gap_addr_get
                0x00000000000295b4        0x4 Output/Release/Obj/ble_app_beacon_pca10040_s132/ble_advdata.o
 .text.sd_ble_gap_appearance_get
                0x00000000000295b8        0x4 Output/Release/Obj/ble_app_beacon_pca10040_s132/ble_advdata.o
 .text.sd_ble_gap_device_name_get
                0x00000000000295bc        0x4 Output/Release/Obj/ble_app_beacon_pca10040_s132/ble_advdata.o
 .text.sd_ble_uuid_encode
                0x00000000000295c0        0x4 Output/Release/Obj/ble_app_beacon_pca10040_s132/ble_advdata.o
 .text.uuid_list_sized_encode
                0x00000000000295c4       0xac Output/Release/Obj/ble_app_beacon_pca10040_s132/ble_advdata.o
 .text.uuid_list_encode
                0x0000000000029670       0x38 Output/Release/Obj/ble_app_beacon_pca10040_s132/ble_advdata.o
 .text.ble_advdata_encode
                0x00000000000296a8      0x394 Output/Release/Obj/ble_app_beacon_pca10040_s132/ble_advdata.o
                0x00000000000296a8                ble_advdata_encode
 .text.sd_softdevice_enable
                0x0000000000029a3c        0x4 Output/Release/Obj/ble_app_beacon_pca10040_s132/nrf_sdh.o
 .text.sdh_request_observer_notify
                0x0000000000029a40       0x30 Output/Release/Obj/ble_app_beacon_pca10040_s132/nrf_sdh.o
 .text.sdh_state_observer_notify
                0x0000000000029a70       0x28 Output/Release/Obj/ble_app_beacon_pca10040_s132/nrf_sdh.o
 .text.softdevices_evt_irq_enable
                0x0000000000029a98       0x38 Output/Release/Obj/ble_app_beacon_pca10040_s132/nrf_sdh.o
 .text.nrf_sdh_enable_request
                0x0000000000029ad0       0x7c Output/Release/Obj/ble_app_beacon_pca10040_s132/nrf_sdh.o
                0x0000000000029ad0                nrf_sdh_enable_request
 .text.nrf_sdh_is_enabled
                0x0000000000029b4c        0xc Output/Release/Obj/ble_app_beacon_pca10040_s132/nrf_sdh.o
                0x0000000000029b4c                nrf_sdh_is_enabled
 .text.nrf_sdh_evts_poll
                0x0000000000029b58       0x28 Output/Release/Obj/ble_app_beacon_pca10040_s132/nrf_sdh.o
                0x0000000000029b58                nrf_sdh_evts_poll
 .text.SWI2_EGU2_IRQHandler
                0x0000000000029b80        0x4 Output/Release/Obj/ble_app_beacon_pca10040_s132/nrf_sdh.o
                0x0000000000029b80                SWI2_EGU2_IRQHandler
 .text.sd_ble_enable
                0x0000000000029b84        0x4 Output/Release/Obj/ble_app_beacon_pca10040_s132/nrf_sdh_ble.o
 .text.sd_ble_cfg_set
                0x0000000000029b88        0x4 Output/Release/Obj/ble_app_beacon_pca10040_s132/nrf_sdh_ble.o
 .text.sd_ble_evt_get
                0x0000000000029b8c        0x4 Output/Release/Obj/ble_app_beacon_pca10040_s132/nrf_sdh_ble.o
 .text.nrf_sdh_ble_evts_poll
                0x0000000000029b90       0x58 Output/Release/Obj/ble_app_beacon_pca10040_s132/nrf_sdh_ble.o
 .text.nrf_sdh_ble_default_cfg_set
                0x0000000000029be8      0x134 Output/Release/Obj/ble_app_beacon_pca10040_s132/nrf_sdh_ble.o
                0x0000000000029be8                nrf_sdh_ble_default_cfg_set
 .text.nrf_sdh_ble_enable
                0x0000000000029d1c       0x98 Output/Release/Obj/ble_app_beacon_pca10040_s132/nrf_sdh_ble.o
                0x0000000000029d1c                nrf_sdh_ble_enable
 .text.sd_evt_get
                0x0000000000029db4        0x4 Output/Release/Obj/ble_app_beacon_pca10040_s132/nrf_sdh_soc.o
 .text.nrf_sdh_soc_evts_poll
                0x0000000000029db8       0x40 Output/Release/Obj/ble_app_beacon_pca10040_s132/nrf_sdh_soc.o
 .text.libc.__int64_udivmod
                0x0000000000029df8       0xce C:/Program Files/SEGGER/SEGGER Embedded Studio for ARM 5.68/lib/libc_v7em_fpv4_sp_d16_hard_t_le_eabi.a(libc_asm.o)
                0x0000000000029df8                __aeabi_uldivmod
                0x0000000000029df8                __int64_udiv
                0x0000000000029df8                __udivdi3
                0x0000000000029df8                __int64_udivmod
 *fill*         0x0000000000029ec6        0x2 
 .text.libc.__RAL_ascii_isctype
                0x0000000000029ec8       0x1c C:/Program Files/SEGGER/SEGGER Embedded Studio for ARM 5.68/lib/libc_v7em_fpv4_sp_d16_hard_t_le_eabi.a(libc2.o)
 .text.libc.__RAL_ascii_toupper
                0x0000000000029ee4        0xc C:/Program Files/SEGGER/SEGGER Embedded Studio for ARM 5.68/lib/libc_v7em_fpv4_sp_d16_hard_t_le_eabi.a(libc2.o)
 .text.libc.__RAL_ascii_tolower
                0x0000000000029ef0        0xc C:/Program Files/SEGGER/SEGGER Embedded Studio for ARM 5.68/lib/libc_v7em_fpv4_sp_d16_hard_t_le_eabi.a(libc2.o)
 .text.libc.__RAL_ascii_wctomb
                0x0000000000029efc       0x10 C:/Program Files/SEGGER/SEGGER Embedded Studio for ARM 5.68/lib/libc_v7em_fpv4_sp_d16_hard_t_le_eabi.a(libc2.o)
                0x0000000000029efc                __RAL_ascii_wctomb
 .text.libc.__RAL_ascii_mbtowc
                0x0000000000029f0c       0x24 C:/Program Files/SEGGER/SEGGER Embedded Studio for ARM 5.68/lib/libc_v7em_fpv4_sp_d16_hard_t_le_eabi.a(libc2.o)
                0x0000000000029f0c                __RAL_ascii_mbtowc
 .text.libc.__RAL_ascii_towupper
                0x0000000000029f30        0xc C:/Program Files/SEGGER/SEGGER Embedded Studio for ARM 5.68/lib/libc_v7em_fpv4_sp_d16_hard_t_le_eabi.a(libc2.o)
 .text.libc.__RAL_ascii_towlower
                0x0000000000029f3c        0xc C:/Program Files/SEGGER/SEGGER Embedded Studio for ARM 5.68/lib/libc_v7em_fpv4_sp_d16_hard_t_le_eabi.a(libc2.o)
 .text.libc.__RAL_ascii_iswctype
                0x0000000000029f48       0x1c C:/Program Files/SEGGER/SEGGER Embedded Studio for ARM 5.68/lib/libc_v7em_fpv4_sp_d16_hard_t_le_eabi.a(libc2.o)
 .text.libc.isprint
                0x0000000000029f64       0x10 C:/Program Files/SEGGER/SEGGER Embedded Studio for ARM 5.68/lib/libc_v7em_fpv4_sp_d16_hard_t_le_eabi.a(libc2.o)
                0x0000000000029f64                isprint
 .text.libc.memcpy
                0x0000000000029f74       0x52 C:/Program Files/SEGGER/SEGGER Embedded Studio for ARM 5.68/lib/libc_v7em_fpv4_sp_d16_hard_t_le_eabi.a(libc2_asm.o)
                0x0000000000029f74                __aeabi_memcpy
                0x0000000000029f74                memcpy
                0x0000000000029f80                __aeabi_memcpy8
                0x0000000000029f80                __aeabi_memcpy4
 .text.libc.memset
                0x0000000000029fc6       0x66 C:/Program Files/SEGGER/SEGGER Embedded Studio for ARM 5.68/lib/libc_v7em_fpv4_sp_d16_hard_t_le_eabi.a(libc2_asm.o)
                0x0000000000029fc6                memset
 .text.libc.strlen
                0x000000000002a02c       0x60 C:/Program Files/SEGGER/SEGGER Embedded Studio for ARM 5.68/lib/libc_v7em_fpv4_sp_d16_hard_t_le_eabi.a(libc2_asm.o)
                0x000000000002a02c                strlen
                0x000000000002a08c                __text_end__ = (__text_start__ + SIZEOF (.text))
                0x0000000000003cb8                __text_size__ = SIZEOF (.text)
                0x000000000002a08c                __text_load_end__ = __text_end__

.vfp11_veneer   0x0000000100000000        0x0
 .vfp11_veneer  0x0000000100000000        0x0 linker stubs

.v4_bx          0x0000000100000000        0x0
 .v4_bx         0x0000000100000000        0x0 linker stubs

.iplt           0x0000000100000000        0x0
 .iplt          0x0000000100000000        0x0 Output/Release/Obj/ble_app_beacon_pca10040_s132/thumb_crt0.o
                0x0000000000000001                . = ASSERT (((__text_start__ == __text_end__) || ((__text_end__ - __FLASH_segment_start__) <= __FLASH_segment_size__)), error: .text is too large to fit in FLASH memory segment)
                0x000000000002a08c                __sdh_soc_observers_load_start__ = ALIGN (__text_end__, 0x4)

.sdh_soc_observers
                0x000000000002a08c        0x8
                0x000000000002a08c                __sdh_soc_observers_start__ = .
                0x000000000002a08c                __start_sdh_soc_observers = __sdh_soc_observers_start__
 *(SORT_BY_NAME(.sdh_soc_observers*))
 .sdh_soc_observers0
                0x000000000002a08c        0x8 Output/Release/Obj/ble_app_beacon_pca10040_s132/nrf_drv_clock.o
                0x000000000002a094                __sdh_soc_observers_end__ = (__sdh_soc_observers_start__ + SIZEOF (.sdh_soc_observers))
                0x0000000000000008                __sdh_soc_observers_size__ = SIZEOF (.sdh_soc_observers)
                0x000000000002a094                __stop_sdh_soc_observers = __sdh_soc_observers_end__
                0x000000000002a094                __sdh_soc_observers_load_end__ = __sdh_soc_observers_end__
                0x0000000000000001                . = ASSERT (((__sdh_soc_observers_start__ == __sdh_soc_observers_end__) || ((__sdh_soc_observers_end__ - __FLASH_segment_start__) <= __FLASH_segment_size__)), error: .sdh_soc_observers is too large to fit in FLASH memory segment)
                0x000000000002a094                __sdh_ble_observers_load_start__ = ALIGN (__sdh_soc_observers_end__, 0x4)

.sdh_ble_observers
                0x000000000002a094        0x0
                0x000000000002a094                __sdh_ble_observers_start__ = .
                0x000000000002a094                __start_sdh_ble_observers = __sdh_ble_observers_start__
 *(SORT_BY_NAME(.sdh_ble_observers*))
                0x000000000002a094                __sdh_ble_observers_end__ = (__sdh_ble_observers_start__ + SIZEOF (.sdh_ble_observers))
                0x0000000000000000                __sdh_ble_observers_size__ = SIZEOF (.sdh_ble_observers)
                0x000000000002a094                __stop_sdh_ble_observers = __sdh_ble_observers_end__
                0x000000000002a094                __sdh_ble_observers_load_end__ = __sdh_ble_observers_end__
                0x0000000000000001                . = ASSERT (((__sdh_ble_observers_start__ == __sdh_ble_observers_end__) || ((__sdh_ble_observers_end__ - __FLASH_segment_start__) <= __FLASH_segment_size__)), error: .sdh_ble_observers is too large to fit in FLASH memory segment)
                0x000000000002a094                __pwr_mgmt_data_load_start__ = ALIGN (__sdh_ble_observers_end__, 0x4)

.pwr_mgmt_data  0x000000000002a094        0x0
                0x000000000002a094                __pwr_mgmt_data_start__ = .
                0x000000000002a094                __start_pwr_mgmt_data = __pwr_mgmt_data_start__
 *(SORT_BY_NAME(.pwr_mgmt_data*))
                0x000000000002a094                __pwr_mgmt_data_end__ = (__pwr_mgmt_data_start__ + SIZEOF (.pwr_mgmt_data))
                0x0000000000000000                __pwr_mgmt_data_size__ = SIZEOF (.pwr_mgmt_data)
                0x000000000002a094                __stop_pwr_mgmt_data = __pwr_mgmt_data_end__
                0x000000000002a094                __pwr_mgmt_data_load_end__ = __pwr_mgmt_data_end__
                0x0000000000000001                . = ASSERT (((__pwr_mgmt_data_start__ == __pwr_mgmt_data_end__) || ((__pwr_mgmt_data_end__ - __FLASH_segment_start__) <= __FLASH_segment_size__)), error: .pwr_mgmt_data is too large to fit in FLASH memory segment)
                0x000000000002a094                __sdh_req_observers_load_start__ = ALIGN (__pwr_mgmt_data_end__, 0x4)

.sdh_req_observers
                0x000000000002a094        0x0
                0x000000000002a094                __sdh_req_observers_start__ = .
                0x000000000002a094                __start_sdh_req_observers = __sdh_req_observers_start__
 *(SORT_BY_NAME(.sdh_req_observers*))
                0x000000000002a094                __sdh_req_observers_end__ = (__sdh_req_observers_start__ + SIZEOF (.sdh_req_observers))
                0x0000000000000000                __sdh_req_observers_size__ = SIZEOF (.sdh_req_observers)
                0x000000000002a094                __stop_sdh_req_observers = __sdh_req_observers_end__
                0x000000000002a094                __sdh_req_observers_load_end__ = __sdh_req_observers_end__
                0x0000000000000001                . = ASSERT (((__sdh_req_observers_start__ == __sdh_req_observers_end__) || ((__sdh_req_observers_end__ - __FLASH_segment_start__) <= __FLASH_segment_size__)), error: .sdh_req_observers is too large to fit in FLASH memory segment)
                0x000000000002a094                __sdh_state_observers_load_start__ = ALIGN (__sdh_req_observers_end__, 0x4)

.sdh_state_observers
                0x000000000002a094        0x8
                0x000000000002a094                __sdh_state_observers_start__ = .
                0x000000000002a094                __start_sdh_state_observers = __sdh_state_observers_start__
 *(SORT_BY_NAME(.sdh_state_observers*))
 .sdh_state_observers0
                0x000000000002a094        0x8 Output/Release/Obj/ble_app_beacon_pca10040_s132/nrf_drv_clock.o
                0x000000000002a09c                __sdh_state_observers_end__ = (__sdh_state_observers_start__ + SIZEOF (.sdh_state_observers))
                0x0000000000000008                __sdh_state_observers_size__ = SIZEOF (.sdh_state_observers)
                0x000000000002a09c                __stop_sdh_state_observers = __sdh_state_observers_end__
                0x000000000002a09c                __sdh_state_observers_load_end__ = __sdh_state_observers_end__
                0x0000000000000001                . = ASSERT (((__sdh_state_observers_start__ == __sdh_state_observers_end__) || ((__sdh_state_observers_end__ - __FLASH_segment_start__) <= __FLASH_segment_size__)), error: .sdh_state_observers is too large to fit in FLASH memory segment)
                0x000000000002a09c                __sdh_stack_observers_load_start__ = ALIGN (__sdh_state_observers_end__, 0x4)

.sdh_stack_observers
                0x000000000002a09c       0x10
                0x000000000002a09c                __sdh_stack_observers_start__ = .
                0x000000000002a09c                __start_sdh_stack_observers = __sdh_stack_observers_start__
 *(SORT_BY_NAME(.sdh_stack_observers*))
 .sdh_stack_observers0
                0x000000000002a09c        0x8 Output/Release/Obj/ble_app_beacon_pca10040_s132/nrf_sdh_ble.o
 .sdh_stack_observers0
                0x000000000002a0a4        0x8 Output/Release/Obj/ble_app_beacon_pca10040_s132/nrf_sdh_soc.o
                0x000000000002a0ac                __sdh_stack_observers_end__ = (__sdh_stack_observers_start__ + SIZEOF (.sdh_stack_observers))
                0x0000000000000010                __sdh_stack_observers_size__ = SIZEOF (.sdh_stack_observers)
                0x000000000002a0ac                __stop_sdh_stack_observers = __sdh_stack_observers_end__
                0x000000000002a0ac                __sdh_stack_observers_load_end__ = __sdh_stack_observers_end__
                0x0000000000000001                . = ASSERT (((__sdh_stack_observers_start__ == __sdh_stack_observers_end__) || ((__sdh_stack_observers_end__ - __FLASH_segment_start__) <= __FLASH_segment_size__)), error: .sdh_stack_observers is too large to fit in FLASH memory segment)
                0x000000000002a0ac                __nrf_queue_load_start__ = ALIGN (__sdh_stack_observers_end__, 0x4)

.nrf_queue      0x000000000002a0ac        0x0
                0x000000000002a0ac                __nrf_queue_start__ = .
                0x000000000002a0ac                __start_nrf_queue = __nrf_queue_start__
 *(.nrf_queue*)
                0x000000000002a0ac                __nrf_queue_end__ = (__nrf_queue_start__ + SIZEOF (.nrf_queue))
                0x0000000000000000                __nrf_queue_size__ = SIZEOF (.nrf_queue)
                0x000000000002a0ac                __stop_nrf_queue = __nrf_queue_end__
                0x000000000002a0ac                __nrf_queue_load_end__ = __nrf_queue_end__
                0x0000000000000001                . = ASSERT (((__nrf_queue_start__ == __nrf_queue_end__) || ((__nrf_queue_end__ - __FLASH_segment_start__) <= __FLASH_segment_size__)), error: .nrf_queue is too large to fit in FLASH memory segment)
                0x000000000002a0ac                __nrf_balloc_load_start__ = ALIGN (__nrf_queue_end__, 0x4)

.nrf_balloc     0x000000000002a0ac       0x14
                0x000000000002a0ac                __nrf_balloc_start__ = .
                0x000000000002a0ac                __start_nrf_balloc = __nrf_balloc_start__
 *(.nrf_balloc*)
 .nrf_balloc    0x000000000002a0ac       0x14 Output/Release/Obj/ble_app_beacon_pca10040_s132/nrf_log_frontend.o
                0x000000000002a0ac                log_mempool
                0x000000000002a0c0                __nrf_balloc_end__ = (__nrf_balloc_start__ + SIZEOF (.nrf_balloc))
                0x0000000000000014                __nrf_balloc_size__ = SIZEOF (.nrf_balloc)
                0x000000000002a0c0                __stop_nrf_balloc = __nrf_balloc_end__
                0x000000000002a0c0                __nrf_balloc_load_end__ = __nrf_balloc_end__
                0x0000000000000001                . = ASSERT (((__nrf_balloc_start__ == __nrf_balloc_end__) || ((__nrf_balloc_end__ - __FLASH_segment_start__) <= __FLASH_segment_size__)), error: .nrf_balloc is too large to fit in FLASH memory segment)
                0x000000000002a0c0                __cli_command_load_start__ = ALIGN (__nrf_balloc_end__, 0x4)

.cli_command    0x000000000002a0c0        0x0
                0x000000000002a0c0                __cli_command_start__ = .
                0x000000000002a0c0                __start_cli_command = __cli_command_start__
 *(.cli_command*)
                0x000000000002a0c0                __cli_command_end__ = (__cli_command_start__ + SIZEOF (.cli_command))
                0x0000000000000000                __cli_command_size__ = SIZEOF (.cli_command)
                0x000000000002a0c0                __stop_cli_command = __cli_command_end__
                0x000000000002a0c0                __cli_command_load_end__ = __cli_command_end__
                0x0000000000000001                . = ASSERT (((__cli_command_start__ == __cli_command_end__) || ((__cli_command_end__ - __FLASH_segment_start__) <= __FLASH_segment_size__)), error: .cli_command is too large to fit in FLASH memory segment)
                0x000000000002a0c0                __crypto_data_load_start__ = ALIGN (__cli_command_end__, 0x4)

.crypto_data    0x000000000002a0c0        0x0
                0x000000000002a0c0                __crypto_data_start__ = .
                0x000000000002a0c0                __start_crypto_data = __crypto_data_start__
 *(SORT_BY_NAME(.crypto_data*))
                0x000000000002a0c0                __crypto_data_end__ = (__crypto_data_start__ + SIZEOF (.crypto_data))
                0x0000000000000000                __crypto_data_size__ = SIZEOF (.crypto_data)
                0x000000000002a0c0                __stop_crypto_data = __crypto_data_end__
                0x000000000002a0c0                __crypto_data_load_end__ = __crypto_data_end__
                0x0000000000000001                . = ASSERT (((__crypto_data_start__ == __crypto_data_end__) || ((__crypto_data_end__ - __FLASH_segment_start__) <= __FLASH_segment_size__)), error: .crypto_data is too large to fit in FLASH memory segment)
                0x000000000002a0c0                __log_const_data_load_start__ = ALIGN (__crypto_data_end__, 0x4)

.log_const_data
                0x000000000002a0c0       0x58
                0x000000000002a0c0                __log_const_data_start__ = .
                0x000000000002a0c0                __start_log_const_data = __log_const_data_start__
 *(SORT_BY_NAME(.log_const_data*))
 .log_const_data_CLOCK
                0x000000000002a0c0        0x8 Output/Release/Obj/ble_app_beacon_pca10040_s132/nrfx_clock.o
                0x000000000002a0c0                m_nrf_log_CLOCK_logs_data_const
 .log_const_data_GPIOTE
                0x000000000002a0c8        0x8 Output/Release/Obj/ble_app_beacon_pca10040_s132/nrfx_gpiote.o
                0x000000000002a0c8                m_nrf_log_GPIOTE_logs_data_const
 .log_const_data_PRS
                0x000000000002a0d0        0x8 Output/Release/Obj/ble_app_beacon_pca10040_s132/nrfx_prs.o
                0x000000000002a0d0                m_nrf_log_PRS_logs_data_const
 .log_const_data_UART
                0x000000000002a0d8        0x8 Output/Release/Obj/ble_app_beacon_pca10040_s132/nrfx_uart.o
                0x000000000002a0d8                m_nrf_log_UART_logs_data_const
 .log_const_data_UARTE
                0x000000000002a0e0        0x8 Output/Release/Obj/ble_app_beacon_pca10040_s132/nrfx_uarte.o
                0x000000000002a0e0                m_nrf_log_UARTE_logs_data_const
 .log_const_data_app
                0x000000000002a0e8        0x8 Output/Release/Obj/ble_app_beacon_pca10040_s132/nrf_log_frontend.o
                0x000000000002a0e8                m_nrf_log_app_logs_data_const
 .log_const_data_clock
                0x000000000002a0f0        0x8 Output/Release/Obj/ble_app_beacon_pca10040_s132/nrf_drv_clock.o
                0x000000000002a0f0                m_nrf_log_clock_logs_data_const
 .log_const_data_nrf_sdh
                0x000000000002a0f8        0x8 Output/Release/Obj/ble_app_beacon_pca10040_s132/nrf_sdh.o
                0x000000000002a0f8                m_nrf_log_nrf_sdh_logs_data_const
 .log_const_data_nrf_sdh_ble
                0x000000000002a100        0x8 Output/Release/Obj/ble_app_beacon_pca10040_s132/nrf_sdh_ble.o
                0x000000000002a100                m_nrf_log_nrf_sdh_ble_logs_data_const
 .log_const_data_nrf_sdh_soc
                0x000000000002a108        0x8 Output/Release/Obj/ble_app_beacon_pca10040_s132/nrf_sdh_soc.o
                0x000000000002a108                m_nrf_log_nrf_sdh_soc_logs_data_const
 .log_const_data_pwr_mgmt
                0x000000000002a110        0x8 Output/Release/Obj/ble_app_beacon_pca10040_s132/nrf_pwr_mgmt.o
                0x000000000002a110                m_nrf_log_pwr_mgmt_logs_data_const
                0x000000000002a118                __log_const_data_end__ = (__log_const_data_start__ + SIZEOF (.log_const_data))
                0x0000000000000058                __log_const_data_size__ = SIZEOF (.log_const_data)
                0x000000000002a118                __stop_log_const_data = __log_const_data_end__
                0x000000000002a118                __log_const_data_load_end__ = __log_const_data_end__
                0x0000000000000001                . = ASSERT (((__log_const_data_start__ == __log_const_data_end__) || ((__log_const_data_end__ - __FLASH_segment_start__) <= __FLASH_segment_size__)), error: .log_const_data is too large to fit in FLASH memory segment)
                0x000000000002a118                __log_backends_load_start__ = ALIGN (__log_const_data_end__, 0x4)

.log_backends   0x000000000002a118       0x10
                0x000000000002a118                __log_backends_start__ = .
                0x000000000002a118                __start_log_backends = __log_backends_start__
 *(SORT_BY_NAME(.log_backends*))
 .log_backends  0x000000000002a118       0x10 Output/Release/Obj/ble_app_beacon_pca10040_s132/nrf_log_default_backends.o
                0x000000000002a128                __log_backends_end__ = (__log_backends_start__ + SIZEOF (.log_backends))
                0x0000000000000010                __log_backends_size__ = SIZEOF (.log_backends)
                0x000000000002a128                __stop_log_backends = __log_backends_end__
                0x000000000002a128                __log_backends_load_end__ = __log_backends_end__
                0x0000000000000001                . = ASSERT (((__log_backends_start__ == __log_backends_end__) || ((__log_backends_end__ - __FLASH_segment_start__) <= __FLASH_segment_size__)), error: .log_backends is too large to fit in FLASH memory segment)
                0x000000000002a128                __nrf_sections_load_start__ = ALIGN (__log_backends_end__, 0x4)

.nrf_sections   0x000000000002a128        0x0
                0x000000000002a128                __nrf_sections_start__ = .
                0x000000000002a128                __start_nrf_sections = __nrf_sections_start__
 *(.nrf_sections .nrf_sections.*)
                0x000000000002a128                __nrf_sections_end__ = (__nrf_sections_start__ + SIZEOF (.nrf_sections))
                0x0000000000000000                __nrf_sections_size__ = SIZEOF (.nrf_sections)
                0x000000000002a128                __nrf_sections_load_end__ = __nrf_sections_end__
                0x0000000000000001                . = ASSERT (((__nrf_sections_start__ == __nrf_sections_end__) || ((__nrf_sections_end__ - __FLASH_segment_start__) <= __FLASH_segment_size__)), error: .nrf_sections is too large to fit in FLASH memory segment)
                0x000000000002a128                __cli_sorted_cmd_ptrs_load_start__ = ALIGN (__nrf_sections_end__, 0x4)

.cli_sorted_cmd_ptrs
                0x00000000200018a8        0x0 load address 0x000000000002a128
                0x00000000200018a8                __cli_sorted_cmd_ptrs_start__ = .
 *(.cli_sorted_cmd_ptrs*)
                0x00000000200018a8                __cli_sorted_cmd_ptrs_end__ = (__cli_sorted_cmd_ptrs_start__ + SIZEOF (.cli_sorted_cmd_ptrs))
                0x0000000000000000                __cli_sorted_cmd_ptrs_size__ = SIZEOF (.cli_sorted_cmd_ptrs)
                0x000000000002a128                __cli_sorted_cmd_ptrs_load_end__ = (__cli_sorted_cmd_ptrs_load_start__ + SIZEOF (.cli_sorted_cmd_ptrs))
                0x0000000000000001                . = ASSERT (((__cli_sorted_cmd_ptrs_load_start__ == __cli_sorted_cmd_ptrs_load_end__) || ((__cli_sorted_cmd_ptrs_load_end__ - __FLASH_segment_start__) <= __FLASH_segment_size__)), error: .cli_sorted_cmd_ptrs is too large to fit in FLASH memory segment)

.cli_sorted_cmd_ptrs_run
                0x00000000200018a8        0x0
                0x00000000200018a8                __cli_sorted_cmd_ptrs_run_start__ = .
                0x00000000200018a8                __start_cli_sorted_cmd_ptrs = __cli_sorted_cmd_ptrs_run_start__
                0x00000000200018a8                __cli_sorted_cmd_ptrs_run_end__ = (__cli_sorted_cmd_ptrs_run_start__ + SIZEOF (.cli_sorted_cmd_ptrs))
                0x0000000000000000                __cli_sorted_cmd_ptrs_run_size__ = (__cli_sorted_cmd_ptrs_run_end__ - __cli_sorted_cmd_ptrs_run_start__)
                0x00000000200018a8                __stop_cli_sorted_cmd_ptrs = __cli_sorted_cmd_ptrs_run_end__
                0x00000000200018a8                __cli_sorted_cmd_ptrs_run_load_end__ = __cli_sorted_cmd_ptrs_run_end__
                0x0000000000000001                . = ASSERT (((__cli_sorted_cmd_ptrs_run_start__ == __cli_sorted_cmd_ptrs_run_end__) || ((__cli_sorted_cmd_ptrs_run_end__ - __RAM_segment_start__) <= __RAM_segment_size__)), error: .cli_sorted_cmd_ptrs_run is too large to fit in RAM memory segment)
                0x000000000002a128                __fs_data_load_start__ = ALIGN ((__cli_sorted_cmd_ptrs_load_start__ + SIZEOF (.cli_sorted_cmd_ptrs)), 0x4)

.fs_data        0x00000000200018a8        0x0 load address 0x000000000002a128
                0x00000000200018a8                __fs_data_start__ = .
 *(.fs_data*)
                0x00000000200018a8                __fs_data_end__ = (__fs_data_start__ + SIZEOF (.fs_data))
                0x0000000000000000                __fs_data_size__ = SIZEOF (.fs_data)
                0x000000000002a128                __fs_data_load_end__ = (__fs_data_load_start__ + SIZEOF (.fs_data))
                0x0000000000000001                . = ASSERT (((__fs_data_load_start__ == __fs_data_load_end__) || ((__fs_data_load_end__ - __FLASH_segment_start__) <= __FLASH_segment_size__)), error: .fs_data is too large to fit in FLASH memory segment)

.fs_data_run    0x00000000200018a8        0x0
                0x00000000200018a8                __fs_data_run_start__ = .
                0x00000000200018a8                __start_fs_data = __fs_data_run_start__
                0x00000000200018a8                __fs_data_run_end__ = (__fs_data_run_start__ + SIZEOF (.fs_data))
                0x0000000000000000                __fs_data_run_size__ = (__fs_data_run_end__ - __fs_data_run_start__)
                0x00000000200018a8                __stop_fs_data = __fs_data_run_end__
                0x00000000200018a8                __fs_data_run_load_end__ = __fs_data_run_end__
                0x0000000000000001                . = ASSERT (((__fs_data_run_start__ == __fs_data_run_end__) || ((__fs_data_run_end__ - __RAM_segment_start__) <= __RAM_segment_size__)), error: .fs_data_run is too large to fit in RAM memory segment)
                0x000000000002a128                __log_dynamic_data_load_start__ = ALIGN ((__fs_data_load_start__ + SIZEOF (.fs_data)), 0x4)

.log_dynamic_data
                0x00000000200018a8        0x0 load address 0x000000000002a128
                0x00000000200018a8                __log_dynamic_data_start__ = .
 *(SORT_BY_NAME(.log_dynamic_data*))
                0x00000000200018a8                __log_dynamic_data_end__ = (__log_dynamic_data_start__ + SIZEOF (.log_dynamic_data))
                0x0000000000000000                __log_dynamic_data_size__ = SIZEOF (.log_dynamic_data)
                0x000000000002a128                __log_dynamic_data_load_end__ = (__log_dynamic_data_load_start__ + SIZEOF (.log_dynamic_data))
                0x0000000000000001                . = ASSERT (((__log_dynamic_data_load_start__ == __log_dynamic_data_load_end__) || ((__log_dynamic_data_load_end__ - __FLASH_segment_start__) <= __FLASH_segment_size__)), error: .log_dynamic_data is too large to fit in FLASH memory segment)

.log_dynamic_data_run
                0x00000000200018a8        0x0
                0x00000000200018a8                __log_dynamic_data_run_start__ = .
                0x00000000200018a8                __start_log_dynamic_data = __log_dynamic_data_run_start__
                0x00000000200018a8                __log_dynamic_data_run_end__ = (__log_dynamic_data_run_start__ + SIZEOF (.log_dynamic_data))
                0x0000000000000000                __log_dynamic_data_run_size__ = (__log_dynamic_data_run_end__ - __log_dynamic_data_run_start__)
                0x00000000200018a8                __stop_log_dynamic_data = __log_dynamic_data_run_end__
                0x00000000200018a8                __log_dynamic_data_run_load_end__ = __log_dynamic_data_run_end__
                0x0000000000000001                . = ASSERT (((__log_dynamic_data_run_start__ == __log_dynamic_data_run_end__) || ((__log_dynamic_data_run_end__ - __RAM_segment_start__) <= __RAM_segment_size__)), error: .log_dynamic_data_run is too large to fit in RAM memory segment)
                0x000000000002a128                __log_filter_data_load_start__ = ALIGN ((__log_dynamic_data_load_start__ + SIZEOF (.log_dynamic_data)), 0x4)

.log_filter_data
                0x00000000200018a8        0x0 load address 0x000000000002a128
                0x00000000200018a8                __log_filter_data_start__ = .
 *(SORT_BY_NAME(.log_filter_data*))
                0x00000000200018a8                __log_filter_data_end__ = (__log_filter_data_start__ + SIZEOF (.log_filter_data))
                0x0000000000000000                __log_filter_data_size__ = SIZEOF (.log_filter_data)
                0x000000000002a128                __log_filter_data_load_end__ = (__log_filter_data_load_start__ + SIZEOF (.log_filter_data))
                0x0000000000000001                . = ASSERT (((__log_filter_data_load_start__ == __log_filter_data_load_end__) || ((__log_filter_data_load_end__ - __FLASH_segment_start__) <= __FLASH_segment_size__)), error: .log_filter_data is too large to fit in FLASH memory segment)

.log_filter_data_run
                0x00000000200018a8        0x0
                0x00000000200018a8                __log_filter_data_run_start__ = .
                0x00000000200018a8                __start_log_filter_data = __log_filter_data_run_start__
                0x00000000200018a8                __log_filter_data_run_end__ = (__log_filter_data_run_start__ + SIZEOF (.log_filter_data))
                0x0000000000000000                __log_filter_data_run_size__ = (__log_filter_data_run_end__ - __log_filter_data_run_start__)
                0x00000000200018a8                __stop_log_filter_data = __log_filter_data_run_end__
                0x00000000200018a8                __log_filter_data_run_load_end__ = __log_filter_data_run_end__
                0x0000000000000001                . = ASSERT (((__log_filter_data_run_start__ == __log_filter_data_run_end__) || ((__log_filter_data_run_end__ - __RAM_segment_start__) <= __RAM_segment_size__)), error: .log_filter_data_run is too large to fit in RAM memory segment)
                0x00000000200018a8                __nrf_sections_run_end_load_start__ = ALIGN (__log_filter_data_run_end__, 0x4)

.nrf_sections_run_end
                0x00000000200018a8        0x0
                0x00000000200018a8                __nrf_sections_run_end_start__ = .
                0x00000000200018a8                __end_nrf_sections_run = __nrf_sections_run_end_start__
 *(.nrf_sections_run_end .nrf_sections_run_end.*)
                0x00000000200018a8                __nrf_sections_run_end_end__ = (__nrf_sections_run_end_start__ + SIZEOF (.nrf_sections_run_end))
                0x0000000000000000                __nrf_sections_run_end_size__ = SIZEOF (.nrf_sections_run_end)
                0x00000000200018a8                __nrf_sections_run_end_load_end__ = __nrf_sections_run_end_end__
                0x0000000000000001                . = ASSERT (((__nrf_sections_run_end_start__ == __nrf_sections_run_end_end__) || ((__nrf_sections_run_end_end__ - __RAM_segment_start__) <= __RAM_segment_size__)), error: .nrf_sections_run_end is too large to fit in RAM memory segment)
                0x000000000002a128                __dtors_load_start__ = ALIGN ((__log_filter_data_load_start__ + SIZEOF (.log_filter_data)), 0x4)

.dtors          0x000000000002a128        0x0
                0x000000000002a128                __dtors_start__ = .
 *(SORT_BY_NAME(.dtors.*))
 *(.dtors)
 *(.fini_array)
 *(SORT_BY_NAME(.fini_array.*))
                0x000000000002a128                __dtors_end__ = (__dtors_start__ + SIZEOF (.dtors))
                0x0000000000000000                __dtors_size__ = SIZEOF (.dtors)
                0x000000000002a128                __dtors_load_end__ = __dtors_end__
                0x0000000000000001                . = ASSERT (((__dtors_start__ == __dtors_end__) || ((__dtors_end__ - __FLASH_segment_start__) <= __FLASH_segment_size__)), error: .dtors is too large to fit in FLASH memory segment)
                0x000000000002a128                __ctors_load_start__ = ALIGN (__dtors_end__, 0x4)

.ctors          0x000000000002a128        0x0
                0x000000000002a128                __ctors_start__ = .
 *(SORT_BY_NAME(.ctors.*))
 *(.ctors)
 *(.init_array)
 *(SORT_BY_NAME(.init_array.*))
                0x000000000002a128                __ctors_end__ = (__ctors_start__ + SIZEOF (.ctors))
                0x0000000000000000                __ctors_size__ = SIZEOF (.ctors)
                0x000000000002a128                __ctors_load_end__ = __ctors_end__
                0x0000000000000001                . = ASSERT (((__ctors_start__ == __ctors_end__) || ((__ctors_end__ - __FLASH_segment_start__) <= __FLASH_segment_size__)), error: .ctors is too large to fit in FLASH memory segment)
                0x000000000002a128                __rodata_load_start__ = ALIGN (__ctors_end__, 0x4)

.rodata         0x000000000002a128      0xbae
                0x000000000002a128                __rodata_start__ = .
 *(.rodata .rodata.* .gnu.linkonce.r.*)
 .rodata        0x000000000002a128       0x20 Output/Release/Obj/ble_app_beacon_pca10040_s132/nrf_log_backend_uart.o
 .rodata.nrf_log_backend_uart_api
                0x000000000002a148        0xc Output/Release/Obj/ble_app_beacon_pca10040_s132/nrf_log_backend_uart.o
                0x000000000002a148                nrf_log_backend_uart_api
 .rodata.str1.1
                0x000000000002a154       0x11 Output/Release/Obj/ble_app_beacon_pca10040_s132/nrf_log_default_backends.o
 .rodata.nrf_log_frontend_dequeue.str1.1
                0x000000000002a165       0x11 Output/Release/Obj/ble_app_beacon_pca10040_s132/nrf_log_frontend.o
 .rodata.str1.1
                0x000000000002a176        0x4 Output/Release/Obj/ble_app_beacon_pca10040_s132/nrf_log_frontend.o
 *fill*         0x000000000002a17a        0x2 
 .rodata.m_log_push_ringbuf
                0x000000000002a17c        0xc Output/Release/Obj/ble_app_beacon_pca10040_s132/nrf_log_frontend.o
 .rodata.prefix_process.str1.1
                0x000000000002a188       0x32 Output/Release/Obj/ble_app_beacon_pca10040_s132/nrf_log_str_formatter.o
 .rodata.postfix_process.str1.1
                0x000000000002a1ba       0x32 Output/Release/Obj/ble_app_beacon_pca10040_s132/nrf_log_str_formatter.o
                                          0x3 (size before relaxing)
 .rodata.nrf_log_hexdump_entry_process.str1.1
                0x000000000002a1ba        0xf Output/Release/Obj/ble_app_beacon_pca10040_s132/nrf_log_str_formatter.o
                                         0x11 (size before relaxing)
 .rodata.str1.1
                0x000000000002a1c9       0x4b Output/Release/Obj/ble_app_beacon_pca10040_s132/nrf_log_str_formatter.o
                                         0x51 (size before relaxing)
 .rodata.m_colors
                0x000000000002a214       0x24 Output/Release/Obj/ble_app_beacon_pca10040_s132/nrf_log_str_formatter.o
 .rodata.severity_names
                0x000000000002a238       0x14 Output/Release/Obj/ble_app_beacon_pca10040_s132/nrf_log_str_formatter.o
 .rodata.m_detection_delay_timer_id
                0x000000000002a24c        0x4 Output/Release/Obj/ble_app_beacon_pca10040_s132/app_button.o
 .rodata.app_error_fault_handler.str1.1
                0x000000000002a250       0x19 Output/Release/Obj/ble_app_beacon_pca10040_s132/app_error_weak.o
 *fill*         0x000000000002a269        0x7 
 .rodata.delay_machine_code.0
                0x000000000002a270        0x6 Output/Release/Obj/ble_app_beacon_pca10040_s132/app_timer.o
 .rodata._aV2C.0
                0x000000000002a276       0x10 Output/Release/Obj/ble_app_beacon_pca10040_s132/nrf_fprintf_format.o
 .rodata.str1.1
                0x000000000002a286        0x9 Output/Release/Obj/ble_app_beacon_pca10040_s132/nrf_pwr_mgmt.o
 *fill*         0x000000000002a28f        0x1 
 .rodata.pwr_mgmt_data
                0x000000000002a290        0xc Output/Release/Obj/ble_app_beacon_pca10040_s132/nrf_pwr_mgmt.o
 .rodata.str1.1
                0x000000000002a29c      0x3ba Output/Release/Obj/ble_app_beacon_pca10040_s132/nrf_strerror.o
 .rodata.m_unknown_str
                0x000000000002a656       0x13 Output/Release/Obj/ble_app_beacon_pca10040_s132/nrf_strerror.o
 *fill*         0x000000000002a669        0x3 
 .rodata.nrf_strerror_array
                0x000000000002a66c      0x128 Output/Release/Obj/ble_app_beacon_pca10040_s132/nrf_strerror.o
 .rodata.m_board_led_list
                0x000000000002a794        0x4 Output/Release/Obj/ble_app_beacon_pca10040_s132/boards.o
 .rodata.str1.1
                0x000000000002a798        0x6 Output/Release/Obj/ble_app_beacon_pca10040_s132/nrf_drv_clock.o
 .rodata.str1.1
                0x000000000002a79e        0x6 Output/Release/Obj/ble_app_beacon_pca10040_s132/nrfx_clock.o
 .rodata.str1.1
                0x000000000002a7a4        0x7 Output/Release/Obj/ble_app_beacon_pca10040_s132/nrfx_gpiote.o
 .rodata.str1.1
                0x000000000002a7ab        0x4 Output/Release/Obj/ble_app_beacon_pca10040_s132/nrfx_prs.o
 .rodata.str1.1
                0x000000000002a7af        0x5 Output/Release/Obj/ble_app_beacon_pca10040_s132/nrfx_uart.o
 .rodata.str1.1
                0x000000000002a7b4        0x6 Output/Release/Obj/ble_app_beacon_pca10040_s132/nrfx_uarte.o
 *fill*         0x000000000002a7ba        0x2 
 .rodata.app_buttons
                0x000000000002a7bc       0x20 Output/Release/Obj/ble_app_beacon_pca10040_s132/bsp.o
 .rodata.m_bsp_alert_tmr
                0x000000000002a7dc        0x4 Output/Release/Obj/ble_app_beacon_pca10040_s132/bsp.o
 .rodata.m_bsp_button_tmr
                0x000000000002a7e0        0x4 Output/Release/Obj/ble_app_beacon_pca10040_s132/bsp.o
 .rodata.m_bsp_leds_tmr
                0x000000000002a7e4        0x4 Output/Release/Obj/ble_app_beacon_pca10040_s132/bsp.o
 .rodata.main.str1.1
                0x000000000002a7e8       0x24 Output/Release/Obj/ble_app_beacon_pca10040_s132/main.o
 .rodata.str1.1
                0x000000000002a80c        0x8 Output/Release/Obj/ble_app_beacon_pca10040_s132/nrf_sdh.o
 .rodata        0x000000000002a814        0x4 Output/Release/Obj/ble_app_beacon_pca10040_s132/nrf_sdh.o
 .rodata.sdh_req_observers
                0x000000000002a818        0xc Output/Release/Obj/ble_app_beacon_pca10040_s132/nrf_sdh.o
 .rodata.sdh_stack_observers
                0x000000000002a824        0xc Output/Release/Obj/ble_app_beacon_pca10040_s132/nrf_sdh.o
 .rodata.sdh_state_observers
                0x000000000002a830        0xc Output/Release/Obj/ble_app_beacon_pca10040_s132/nrf_sdh.o
 .rodata.nrf_sdh_ble_default_cfg_set.str1.1
                0x000000000002a83c      0x182 Output/Release/Obj/ble_app_beacon_pca10040_s132/nrf_sdh_ble.o
 .rodata.nrf_sdh_ble_enable.str1.1
                0x000000000002a9be       0xa7 Output/Release/Obj/ble_app_beacon_pca10040_s132/nrf_sdh_ble.o
 .rodata.str1.1
                0x000000000002aa65        0xc Output/Release/Obj/ble_app_beacon_pca10040_s132/nrf_sdh_ble.o
 *fill*         0x000000000002aa71        0x3 
 .rodata.sdh_ble_observers
                0x000000000002aa74        0xc Output/Release/Obj/ble_app_beacon_pca10040_s132/nrf_sdh_ble.o
 .rodata.str1.1
                0x000000000002aa80        0xc Output/Release/Obj/ble_app_beacon_pca10040_s132/nrf_sdh_soc.o
 .rodata.sdh_soc_observers
                0x000000000002aa8c        0xc Output/Release/Obj/ble_app_beacon_pca10040_s132/nrf_sdh_soc.o
 .rodata.libc.__RAL_find_locale.str1.4
                0x000000000002aa98        0xa C:/Program Files/SEGGER/SEGGER Embedded Studio for ARM 5.68/lib/libc_v7em_fpv4_sp_d16_hard_t_le_eabi.a(libc2.o)
 *fill*         0x000000000002aaa2        0x2 
 .rodata.libc.__RAL_ascii_ctype_map
                0x000000000002aaa4       0x80 C:/Program Files/SEGGER/SEGGER Embedded Studio for ARM 5.68/lib/libc_v7em_fpv4_sp_d16_hard_t_le_eabi.a(libc2.o)
                0x000000000002aaa4                __RAL_ascii_ctype_map
 .rodata.libc.__RAL_ascii_ctype_mask
                0x000000000002ab24        0xd C:/Program Files/SEGGER/SEGGER Embedded Studio for ARM 5.68/lib/libc_v7em_fpv4_sp_d16_hard_t_le_eabi.a(libc2.o)
 *fill*         0x000000000002ab31        0x3 
 .rodata.libc.__RAL_c_locale
                0x000000000002ab34        0xc C:/Program Files/SEGGER/SEGGER Embedded Studio for ARM 5.68/lib/libc_v7em_fpv4_sp_d16_hard_t_le_eabi.a(libc2.o)
                0x000000000002ab34                __RAL_c_locale
 .rodata.libc.__RAL_c_locale_abbrev_day_names
                0x000000000002ab40       0x1d C:/Program Files/SEGGER/SEGGER Embedded Studio for ARM 5.68/lib/libc_v7em_fpv4_sp_d16_hard_t_le_eabi.a(libc2.o)
                0x000000000002ab40                __RAL_c_locale_abbrev_day_names
 *fill*         0x000000000002ab5d        0x3 
 .rodata.libc.__RAL_c_locale_abbrev_month_names
                0x000000000002ab60       0x31 C:/Program Files/SEGGER/SEGGER Embedded Studio for ARM 5.68/lib/libc_v7em_fpv4_sp_d16_hard_t_le_eabi.a(libc2.o)
                0x000000000002ab60                __RAL_c_locale_abbrev_month_names
 *fill*         0x000000000002ab91        0x3 
 .rodata.libc.__RAL_c_locale_am_pm_indicator
                0x000000000002ab94        0x7 C:/Program Files/SEGGER/SEGGER Embedded Studio for ARM 5.68/lib/libc_v7em_fpv4_sp_d16_hard_t_le_eabi.a(libc2.o)
                0x000000000002ab94                __RAL_c_locale_am_pm_indicator
 *fill*         0x000000000002ab9b        0x1 
 .rodata.libc.__RAL_c_locale_data
                0x000000000002ab9c       0x58 C:/Program Files/SEGGER/SEGGER Embedded Studio for ARM 5.68/lib/libc_v7em_fpv4_sp_d16_hard_t_le_eabi.a(libc2.o)
                0x000000000002ab9c                __RAL_c_locale_data
 .rodata.libc.__RAL_c_locale_date_format
                0x000000000002abf4        0x9 C:/Program Files/SEGGER/SEGGER Embedded Studio for ARM 5.68/lib/libc_v7em_fpv4_sp_d16_hard_t_le_eabi.a(libc2.o)
                0x000000000002abf4                __RAL_c_locale_date_format
 *fill*         0x000000000002abfd        0x3 
 .rodata.libc.__RAL_c_locale_date_time_format
                0x000000000002ac00        0xf C:/Program Files/SEGGER/SEGGER Embedded Studio for ARM 5.68/lib/libc_v7em_fpv4_sp_d16_hard_t_le_eabi.a(libc2.o)
                0x000000000002ac00                __RAL_c_locale_date_time_format
 *fill*         0x000000000002ac0f        0x1 
 .rodata.libc.__RAL_c_locale_day_names
                0x000000000002ac10       0x3a C:/Program Files/SEGGER/SEGGER Embedded Studio for ARM 5.68/lib/libc_v7em_fpv4_sp_d16_hard_t_le_eabi.a(libc2.o)
                0x000000000002ac10                __RAL_c_locale_day_names
 *fill*         0x000000000002ac4a        0x2 
 .rodata.libc.__RAL_c_locale_month_names
                0x000000000002ac4c       0x57 C:/Program Files/SEGGER/SEGGER Embedded Studio for ARM 5.68/lib/libc_v7em_fpv4_sp_d16_hard_t_le_eabi.a(libc2.o)
                0x000000000002ac4c                __RAL_c_locale_month_names
 *fill*         0x000000000002aca3        0x1 
 .rodata.libc.__RAL_c_locale_time_format
                0x000000000002aca4        0x9 C:/Program Files/SEGGER/SEGGER Embedded Studio for ARM 5.68/lib/libc_v7em_fpv4_sp_d16_hard_t_le_eabi.a(libc2.o)
                0x000000000002aca4                __RAL_c_locale_time_format
 *fill*         0x000000000002acad        0x3 
 .rodata.libc.__RAL_codeset_ascii
                0x000000000002acb0       0x20 C:/Program Files/SEGGER/SEGGER Embedded Studio for ARM 5.68/lib/libc_v7em_fpv4_sp_d16_hard_t_le_eabi.a(libc2.o)
                0x000000000002acb0                __RAL_codeset_ascii
 .rodata.libc.__RAL_data_empty_string
                0x000000000002acd0        0x1 C:/Program Files/SEGGER/SEGGER Embedded Studio for ARM 5.68/lib/libc_v7em_fpv4_sp_d16_hard_t_le_eabi.a(libc2.o)
                0x000000000002acd0                __RAL_data_empty_string
 *fill*         0x000000000002acd1        0x3 
 .rodata.libc.__RAL_data_utf8_period
                0x000000000002acd4        0x2 C:/Program Files/SEGGER/SEGGER Embedded Studio for ARM 5.68/lib/libc_v7em_fpv4_sp_d16_hard_t_le_eabi.a(libc2.o)
                0x000000000002acd4                __RAL_data_utf8_period
                0x000000000002acd6                __rodata_end__ = (__rodata_start__ + SIZEOF (.rodata))
                0x0000000000000bae                __rodata_size__ = SIZEOF (.rodata)
                0x000000000002acd6                __rodata_load_end__ = __rodata_end__

.rel.dyn        0x000000000002acd8        0x0
 .rel.iplt      0x000000000002acd8        0x0 Output/Release/Obj/ble_app_beacon_pca10040_s132/thumb_crt0.o
                0x0000000000000001                . = ASSERT (((__rodata_start__ == __rodata_end__) || ((__rodata_end__ - __FLASH_segment_start__) <= __FLASH_segment_size__)), error: .rodata is too large to fit in FLASH memory segment)
                0x000000000002acd8                __ARM.exidx_load_start__ = ALIGN (__rodata_end__, 0x4)

.ARM.exidx      0x000000000002acd8        0x0
                0x000000000002acd8                __ARM.exidx_start__ = .
                0x000000000002acd8                __exidx_start = __ARM.exidx_start__
 *(.ARM.exidx .ARM.exidx.*)
                0x000000000002acd8                __ARM.exidx_end__ = (__ARM.exidx_start__ + SIZEOF (.ARM.exidx))
                0x0000000000000000                __ARM.exidx_size__ = SIZEOF (.ARM.exidx)
                0x000000000002acd8                __exidx_end = __ARM.exidx_end__
                0x000000000002acd8                __ARM.exidx_load_end__ = __ARM.exidx_end__
                0x0000000000000001                . = ASSERT (((__ARM.exidx_start__ == __ARM.exidx_end__) || ((__ARM.exidx_end__ - __FLASH_segment_start__) <= __FLASH_segment_size__)), error: .ARM.exidx is too large to fit in FLASH memory segment)
                0x000000000002acd8                __fast_load_start__ = ALIGN (__ARM.exidx_end__, 0x4)

.fast           0x00000000200018a8        0x0 load address 0x000000000002acd8
                0x00000000200018a8                __fast_start__ = .
 *(.fast .fast.*)
                0x00000000200018a8                __fast_end__ = (__fast_start__ + SIZEOF (.fast))
                0x0000000000000000                __fast_size__ = SIZEOF (.fast)
                0x000000000002acd8                __fast_load_end__ = (__fast_load_start__ + SIZEOF (.fast))
                0x0000000000000001                . = ASSERT (((__fast_load_start__ == __fast_load_end__) || ((__fast_load_end__ - __FLASH_segment_start__) <= __FLASH_segment_size__)), error: .fast is too large to fit in FLASH memory segment)

.fast_run       0x00000000200018a8        0x0
                0x00000000200018a8                __fast_run_start__ = .
                0x00000000200018a8                __fast_run_end__ = (__fast_run_start__ + SIZEOF (.fast))
                0x0000000000000000                __fast_run_size__ = (__fast_run_end__ - __fast_run_start__)
                0x00000000200018a8                __fast_run_load_end__ = __fast_run_end__
                0x0000000000000001                . = ASSERT (((__fast_run_start__ == __fast_run_end__) || ((__fast_run_end__ - __RAM_segment_start__) <= __RAM_segment_size__)), error: .fast_run is too large to fit in RAM memory segment)
                0x000000000002acd8                __data_load_start__ = ALIGN ((__fast_load_start__ + SIZEOF (.fast)), 0x4)

.data           0x00000000200018a8       0x5c load address 0x000000000002acd8
                0x00000000200018a8                __data_start__ = .
 *(.data .data.* .gnu.linkonce.d.*)
 .data.m_uart   0x00000000200018a8       0x14 Output/Release/Obj/ble_app_beacon_pca10040_s132/nrf_log_backend_uart.o
                0x00000000200018a8                m_uart
 .data.log_backend_cb_uart_log_backend
                0x00000000200018bc        0x8 Output/Release/Obj/ble_app_beacon_pca10040_s132/nrf_log_default_backends.o
 .data.SystemCoreClock
                0x00000000200018c4        0x4 Output/Release/Obj/ble_app_beacon_pca10040_s132/system_nrf52.o
                0x00000000200018c4                SystemCoreClock
 .data.m_adv_data
                0x00000000200018c8       0x10 Output/Release/Obj/ble_app_beacon_pca10040_s132/main.o
 .data.m_adv_handle
                0x00000000200018d8        0x1 Output/Release/Obj/ble_app_beacon_pca10040_s132/main.o
 .data.m_beacon_info
                0x00000000200018d9       0x17 Output/Release/Obj/ble_app_beacon_pca10040_s132/main.o
 .data.libc.__RAL_global_locale
                0x00000000200018f0       0x14 C:/Program Files/SEGGER/SEGGER Embedded Studio for ARM 5.68/lib/libc_v7em_fpv4_sp_d16_hard_t_le_eabi.a(libc2.o)
                0x00000000200018f0                __RAL_global_locale
                0x0000000020001904                __data_end__ = (__data_start__ + SIZEOF (.data))
                0x000000000000005c                __data_size__ = SIZEOF (.data)
                0x000000000002ad34                __data_load_end__ = (__data_load_start__ + SIZEOF (.data))

.igot.plt       0x0000000100000000        0x0
 .igot.plt      0x0000000100000000        0x0 Output/Release/Obj/ble_app_beacon_pca10040_s132/thumb_crt0.o
                0x0000000000000001                . = ASSERT (((__data_load_start__ == __data_load_end__) || ((__data_load_end__ - __FLASH_segment_start__) <= __FLASH_segment_size__)), error: .data is too large to fit in FLASH memory segment)

.data_run       0x00000000200018a8        0x0
                0x00000000200018a8                __data_run_start__ = .
                0x0000000020001904                __data_run_end__ = (__data_run_start__ + SIZEOF (.data))
                0x000000000000005c                __data_run_size__ = (__data_run_end__ - __data_run_start__)
                0x0000000020001904                __data_run_load_end__ = __data_run_end__
                0x0000000000000001                . = ASSERT (((__data_run_start__ == __data_run_end__) || ((__data_run_end__ - __RAM_segment_start__) <= __RAM_segment_size__)), error: .data_run is too large to fit in RAM memory segment)
                0x000000000002ad34                __tdata_load_start__ = ALIGN ((__data_load_start__ + SIZEOF (.data)), 0x4)

.tdata          0x0000000020001904        0x0 load address 0x000000000002ad34
                0x0000000020001904                __tdata_start__ = .
 *(.tdata .tdata.*)
                0x0000000020001904                __tdata_end__ = (__tdata_start__ + SIZEOF (.tdata))
                0x0000000000000000                __tdata_size__ = SIZEOF (.tdata)
                0x000000000002ad34                __tdata_load_end__ = (__tdata_load_start__ + SIZEOF (.tdata))
                0x000000000002ad34                __FLASH_segment_used_end__ = (ALIGN ((__data_load_start__ + SIZEOF (.data)), 0x4) + SIZEOF (.tdata))
                0x000000000002ad34                __FLASH_segment_used_size__ = (__FLASH_segment_used_end__ - __FLASH_segment_start__)
                0x0000000000000001                . = ASSERT (((__tdata_load_start__ == __tdata_load_end__) || ((__tdata_load_end__ - __FLASH_segment_start__) <= __FLASH_segment_size__)), error: .tdata is too large to fit in FLASH memory segment)

.tdata_run      0x0000000020001904        0x0
                0x0000000020001904                __tdata_run_start__ = .
                0x0000000020001904                __tdata_run_end__ = (__tdata_run_start__ + SIZEOF (.tdata))
                0x0000000000000000                __tdata_run_size__ = (__tdata_run_end__ - __tdata_run_start__)
                0x0000000020001904                __tdata_run_load_end__ = __tdata_run_end__
                0x0000000000000001                . = ASSERT (((__tdata_run_start__ == __tdata_run_end__) || ((__tdata_run_end__ - __RAM_segment_start__) <= __RAM_segment_size__)), error: .tdata_run is too large to fit in RAM memory segment)
                0x0000000020001904                __bss_load_start__ = ALIGN (__tdata_run_end__, 0x4)

.bss            0x0000000020001904      0x8eb
                0x0000000020001904                __bss_start__ = .
 *(.bss .bss.* .gnu.linkonce.b.*)
 .bss.m_async_mode
                0x0000000020001904        0x1 Output/Release/Obj/ble_app_beacon_pca10040_s132/nrf_log_backend_uart.o
 .bss.m_string_buff
                0x0000000020001905       0x40 Output/Release/Obj/ble_app_beacon_pca10040_s132/nrf_log_backend_uart.o
 .bss.m_xfer_done
                0x0000000020001945        0x1 Output/Release/Obj/ble_app_beacon_pca10040_s132/nrf_log_backend_uart.o
 *fill*         0x0000000020001946        0x2 
 .bss.log_mempool_nrf_balloc_cb
                0x0000000020001948        0x8 Output/Release/Obj/ble_app_beacon_pca10040_s132/nrf_log_frontend.o
 .bss.log_mempool_nrf_balloc_pool_mem
                0x0000000020001950       0xc0 Output/Release/Obj/ble_app_beacon_pca10040_s132/nrf_log_frontend.o
 .bss.log_mempool_nrf_balloc_pool_stack
                0x0000000020001a10        0x8 Output/Release/Obj/ble_app_beacon_pca10040_s132/nrf_log_frontend.o
 .bss.m_log_data
                0x0000000020001a18      0x424 Output/Release/Obj/ble_app_beacon_pca10040_s132/nrf_log_frontend.o
 .bss.m_log_push_ringbuf_buf
                0x0000000020001e3c       0x80 Output/Release/Obj/ble_app_beacon_pca10040_s132/nrf_log_frontend.o
 .bss.m_log_push_ringbuf_cb
                0x0000000020001ebc       0x18 Output/Release/Obj/ble_app_beacon_pca10040_s132/nrf_log_frontend.o
 .bss.m_button_count
                0x0000000020001ed4        0x1 Output/Release/Obj/ble_app_beacon_pca10040_s132/app_button.o
 *fill*         0x0000000020001ed5        0x3 
 .bss.m_detection_delay
                0x0000000020001ed8        0x4 Output/Release/Obj/ble_app_beacon_pca10040_s132/app_button.o
 .bss.m_detection_delay_timer_id_data
                0x0000000020001edc       0x20 Output/Release/Obj/ble_app_beacon_pca10040_s132/app_button.o
 *fill*         0x0000000020001efc        0x4 
 .bss.m_pin_state
                0x0000000020001f00        0x8 Output/Release/Obj/ble_app_beacon_pca10040_s132/app_button.o
 .bss.m_pin_transition
                0x0000000020001f08        0x8 Output/Release/Obj/ble_app_beacon_pca10040_s132/app_button.o